Component: ARM Compiler 5.06 update 5 (build 528) Tool: armlink [4d35e2]

==============================================================================

Section Cross References

    system_stm32l4xx.o(i.SystemCoreClockUpdate) refers to system_stm32l4xx.o(.constdata) for MSIRangeTable
    system_stm32l4xx.o(i.SystemCoreClockUpdate) refers to system_stm32l4xx.o(.data) for SystemCoreClock
    stm32l4xx_nucleo.o(i.BSP_LED_Init) refers to memseta.o(.text) for __aeabi_memclr4
    stm32l4xx_nucleo.o(i.BSP_LED_Init) refers to stm32l4xx_hal_gpio.o(i.HAL_GPIO_Init) for HAL_GPIO_Init
    stm32l4xx_nucleo.o(i.BSP_LED_Init) refers to stm32l4xx_nucleo.o(.constdata) for GPIO_PIN
    stm32l4xx_nucleo.o(i.BSP_LED_Init) refers to stm32l4xx_nucleo.o(.data) for GPIO_PORT
    stm32l4xx_nucleo.o(i.BSP_LED_Off) refers to stm32l4xx_hal_gpio.o(i.HAL_GPIO_WritePin) for HAL_GPIO_WritePin
    stm32l4xx_nucleo.o(i.BSP_LED_Off) refers to stm32l4xx_nucleo.o(.constdata) for GPIO_PIN
    stm32l4xx_nucleo.o(i.BSP_LED_Off) refers to stm32l4xx_nucleo.o(.data) for GPIO_PORT
    stm32l4xx_nucleo.o(i.BSP_LED_On) refers to stm32l4xx_hal_gpio.o(i.HAL_GPIO_WritePin) for HAL_GPIO_WritePin
    stm32l4xx_nucleo.o(i.BSP_LED_On) refers to stm32l4xx_nucleo.o(.constdata) for GPIO_PIN
    stm32l4xx_nucleo.o(i.BSP_LED_On) refers to stm32l4xx_nucleo.o(.data) for GPIO_PORT
    stm32l4xx_nucleo.o(i.BSP_LED_Toggle) refers to stm32l4xx_hal_gpio.o(i.HAL_GPIO_TogglePin) for HAL_GPIO_TogglePin
    stm32l4xx_nucleo.o(i.BSP_LED_Toggle) refers to stm32l4xx_nucleo.o(.constdata) for GPIO_PIN
    stm32l4xx_nucleo.o(i.BSP_LED_Toggle) refers to stm32l4xx_nucleo.o(.data) for GPIO_PORT
    stm32l4xx_nucleo.o(i.BSP_PB_GetState) refers to stm32l4xx_hal_gpio.o(i.HAL_GPIO_ReadPin) for HAL_GPIO_ReadPin
    stm32l4xx_nucleo.o(i.BSP_PB_GetState) refers to stm32l4xx_nucleo.o(.constdata) for BUTTON_PIN
    stm32l4xx_nucleo.o(i.BSP_PB_GetState) refers to stm32l4xx_nucleo.o(.data) for BUTTON_PORT
    stm32l4xx_nucleo.o(i.BSP_PB_Init) refers to memseta.o(.text) for __aeabi_memclr4
    stm32l4xx_nucleo.o(i.BSP_PB_Init) refers to stm32l4xx_hal_gpio.o(i.HAL_GPIO_Init) for HAL_GPIO_Init
    stm32l4xx_nucleo.o(i.BSP_PB_Init) refers to stm32l4xx_hal_cortex.o(i.HAL_NVIC_SetPriority) for HAL_NVIC_SetPriority
    stm32l4xx_nucleo.o(i.BSP_PB_Init) refers to stm32l4xx_hal_cortex.o(i.HAL_NVIC_EnableIRQ) for HAL_NVIC_EnableIRQ
    stm32l4xx_nucleo.o(i.BSP_PB_Init) refers to stm32l4xx_nucleo.o(.constdata) for BUTTON_PIN
    stm32l4xx_nucleo.o(i.BSP_PB_Init) refers to stm32l4xx_nucleo.o(.data) for BUTTON_PORT
    main.o(i.Data_String_Update) refers to main.o(.data) for temperature
    main.o(i.Data_String_Update) refers to stm32_pms7003.o(.bss) for PM_Sensor_Data
    main.o(i.HAL_TIM_PeriodElapsedCallback) refers to main.o(.bss) for htim3
    main.o(i.HAL_TIM_PeriodElapsedCallback) refers to main.o(.data) for lcd_show_count
    main.o(i.LCD_Show_Stage_Change) refers to stm32_lcd1602.o(i.lcd1602_show_string) for lcd1602_show_string
    main.o(i.LCD_Show_Stage_Change) refers to main.o(.data) for lcd_show_stage
    main.o(i.LCD_Show_Update) refers to stm32_lcd1602.o(i.lcd1602_show_string) for lcd1602_show_string
    main.o(i.LCD_Show_Update) refers to main.o(.data) for lcd_show_stage
    main.o(i.MX_TIM3_Init) refers to stm32l4xx_hal_tim.o(i.HAL_TIM_Base_Init) for HAL_TIM_Base_Init
    main.o(i.MX_TIM3_Init) refers to common.o(i._Error_Handler) for _Error_Handler
    main.o(i.MX_TIM3_Init) refers to stm32l4xx_hal_tim.o(i.HAL_TIM_ConfigClockSource) for HAL_TIM_ConfigClockSource
    main.o(i.MX_TIM3_Init) refers to stm32l4xx_hal_tim.o(i.HAL_TIM_Base_Start_IT) for HAL_TIM_Base_Start_IT
    main.o(i.MX_TIM3_Init) refers to stm32l4xx_hal_tim_ex.o(i.HAL_TIMEx_MasterConfigSynchronization) for HAL_TIMEx_MasterConfigSynchronization
    main.o(i.MX_TIM3_Init) refers to stm32l4xx_hal_cortex.o(i.HAL_NVIC_SetPriority) for HAL_NVIC_SetPriority
    main.o(i.MX_TIM3_Init) refers to stm32l4xx_hal_cortex.o(i.HAL_NVIC_EnableIRQ) for HAL_NVIC_EnableIRQ
    main.o(i.MX_TIM3_Init) refers to main.o(.bss) for htim3
    main.o(i.SystemClock_Config) refers to stm32l4xx_hal_rcc.o(i.HAL_RCC_OscConfig) for HAL_RCC_OscConfig
    main.o(i.SystemClock_Config) refers to stm32l4xx_hal_rcc.o(i.HAL_RCC_ClockConfig) for HAL_RCC_ClockConfig
    main.o(i.SystemClock_Config) refers to stm32l4xx_hal_pwr_ex.o(i.HAL_PWREx_ControlVoltageScaling) for HAL_PWREx_ControlVoltageScaling
    main.o(i.main) refers to stm32l4xx_hal.o(i.HAL_Init) for HAL_Init
    main.o(i.main) refers to main.o(i.SystemClock_Config) for SystemClock_Config
    main.o(i.main) refers to common.o(i.delay_init) for delay_init
    main.o(i.main) refers to stm32_dht12.o(i.DHT12_Gpio_Init) for DHT12_Gpio_Init
    main.o(i.main) refers to stm32_lcd1602.o(i.LCD_Gpio_Init) for LCD_Gpio_Init
    main.o(i.main) refers to stm32_lcd1602.o(i.LCD1602_INIT) for LCD1602_INIT
    main.o(i.main) refers to stm32_lcd1602.o(i.lcd1602_show_string) for lcd1602_show_string
[...]
    Removing stm32l4xx_hal_cortex.o(i.HAL_NVIC_GetPriority), (148 bytes).
    Removing stm32l4xx_hal_cortex.o(i.HAL_NVIC_GetPriorityGrouping), (8 bytes).
    Removing stm32l4xx_hal_cortex.o(i.HAL_NVIC_SetPendingIRQ), (28 bytes).
    Removing stm32l4xx_hal_cortex.o(i.HAL_NVIC_SystemReset), (68 bytes).
    Removing stm32l4xx_hal_cortex.o(i.HAL_SYSTICK_CLKSourceConfig), (40 bytes).
    Removing stm32l4xx_hal_cortex.o(i.HAL_SYSTICK_Callback), (2 bytes).
    Removing stm32l4xx_hal_cortex.o(i.HAL_SYSTICK_IRQHandler), (8 bytes).
    Removing stm32l4xx_hal_rcc_ex.o(.rev16_text), (4 bytes).
    Removing stm32l4xx_hal_rcc_ex.o(.revsh_text), (4 bytes).
    Removing stm32l4xx_hal_rcc_ex.o(.rrx_text), (6 bytes).
    Removing stm32l4xx_hal_rcc_ex.o(i.HAL_RCCEx_DisableLSCO), (112 bytes).
    Removing stm32l4xx_hal_rcc_ex.o(i.HAL_RCCEx_DisableLSECSS), (32 bytes).
    Removing stm32l4xx_hal_rcc_ex.o(i.HAL_RCCEx_DisableMSIPLLMode), (20 bytes).
    Removing stm32l4xx_hal_rcc_ex.o(i.HAL_RCCEx_DisablePLLSAI1), (108 bytes).
    Removing stm32l4xx_hal_rcc_ex.o(i.HAL_RCCEx_DisablePLLSAI2), (108 bytes).
    Removing stm32l4xx_hal_rcc_ex.o(i.HAL_RCCEx_EnableLSCO), (180 bytes).
    Removing stm32l4xx_hal_rcc_ex.o(i.HAL_RCCEx_EnableLSECSS), (24 bytes).
    Removing stm32l4xx_hal_rcc_ex.o(i.HAL_RCCEx_EnableLSECSS_IT), (64 bytes).
    Removing stm32l4xx_hal_rcc_ex.o(i.HAL_RCCEx_EnableMSIPLLMode), (20 bytes).
    Removing stm32l4xx_hal_rcc_ex.o(i.HAL_RCCEx_EnablePLLSAI1), (216 bytes).
    Removing stm32l4xx_hal_rcc_ex.o(i.HAL_RCCEx_EnablePLLSAI2), (192 bytes).
    Removing stm32l4xx_hal_rcc_ex.o(i.HAL_RCCEx_GetPeriphCLKConfig), (504 bytes).
    Removing stm32l4xx_hal_rcc_ex.o(i.HAL_RCCEx_GetPeriphCLKFreq), (2316 bytes).
    Removing stm32l4xx_hal_rcc_ex.o(i.HAL_RCCEx_LSECSS_Callback), (2 bytes).
    Removing stm32l4xx_hal_rcc_ex.o(i.HAL_RCCEx_LSECSS_IRQHandler), (36 bytes).
    Removing stm32l4xx_hal_rcc_ex.o(i.HAL_RCCEx_PeriphCLKConfig), (1236 bytes).
    Removing stm32l4xx_hal_rcc_ex.o(i.HAL_RCCEx_StandbyMSIRangeConfig), (28 bytes).
    Removing stm32l4xx_hal_rcc_ex.o(i.HAL_RCCEx_WakeUpStopCLKConfig), (20 bytes).
    Removing stm32l4xx_hal_rcc_ex.o(i.RCCEx_PLLSAI1_Config), (492 bytes).
    Removing stm32l4xx_hal_rcc_ex.o(i.RCCEx_PLLSAI2_Config), (428 bytes).
    Removing stm32l4xx_hal_pwr.o(.rev16_text), (4 bytes).
    Removing stm32l4xx_hal_pwr.o(.revsh_text), (4 bytes).
    Removing stm32l4xx_hal_pwr.o(.rrx_text), (6 bytes).
    Removing stm32l4xx_hal_pwr.o(i.HAL_PWR_ConfigPVD), (184 bytes).
    Removing stm32l4xx_hal_pwr.o(i.HAL_PWR_DeInit), (28 bytes).
    Removing stm32l4xx_hal_pwr.o(i.HAL_PWR_DisableBkUpAccess), (20 bytes).
    Removing stm32l4xx_hal_pwr.o(i.HAL_PWR_DisablePVD), (20 bytes).
    Removing stm32l4xx_hal_pwr.o(i.HAL_PWR_DisableSEVOnPend), (20 bytes).
    Removing stm32l4xx_hal_pwr.o(i.HAL_PWR_DisableSleepOnExit), (20 bytes).
    Removing stm32l4xx_hal_pwr.o(i.HAL_PWR_DisableWakeUpPin), (20 bytes).
    Removing stm32l4xx_hal_pwr.o(i.HAL_PWR_EnableBkUpAccess), (20 bytes).
    Removing stm32l4xx_hal_pwr.o(i.HAL_PWR_EnablePVD), (20 bytes).
    Removing stm32l4xx_hal_pwr.o(i.HAL_PWR_EnableSEVOnPend), (20 bytes).
    Removing stm32l4xx_hal_pwr.o(i.HAL_PWR_EnableSleepOnExit), (20 bytes).
    Removing stm32l4xx_hal_pwr.o(i.HAL_PWR_EnableWakeUpPin), (40 bytes).
    Removing stm32l4xx_hal_pwr.o(i.HAL_PWR_EnterSLEEPMode), (80 bytes).
    Removing stm32l4xx_hal_pwr.o(i.HAL_PWR_EnterSTANDBYMode), (44 bytes).
    Removing stm32l4xx_hal_pwr.o(i.HAL_PWR_EnterSTOPMode), (28 bytes).
    Removing stm32l4xx_hal_pwr.o(i.HAL_PWR_PVDCallback), (2 bytes).
    Removing stm32l4xx_hal_rcc.o(.rev16_text), (4 bytes).
    Removing stm32l4xx_hal_rcc.o(.revsh_text), (4 bytes).
    Removing stm32l4xx_hal_rcc.o(.rrx_text), (6 bytes).
    Removing stm32l4xx_hal_rcc.o(i.HAL_RCC_CSSCallback), (2 bytes).
    Removing stm32l4xx_hal_rcc.o(i.HAL_RCC_DeInit), (140 bytes).
    Removing stm32l4xx_hal_rcc.o(i.HAL_RCC_EnableCSS), (20 bytes).
    Removing stm32l4xx_hal_rcc.o(i.HAL_RCC_GetClockConfig), (68 bytes).
    Removing stm32l4xx_hal_rcc.o(i.HAL_RCC_GetOscConfig), (388 bytes).
    Removing stm32l4xx_hal_rcc.o(i.HAL_RCC_MCOConfig), (92 bytes).
    Removing stm32l4xx_hal_rcc.o(i.HAL_RCC_NMI_IRQHandler), (36 bytes).
    Removing stm32l4xx_hal_uart.o(.rev16_text), (4 bytes).
    Removing stm32l4xx_hal_uart.o(.revsh_text), (4 bytes).
    Removing stm32l4xx_hal_uart.o(.rrx_text), (6 bytes).
    Removing stm32l4xx_hal_uart.o(i.HAL_HalfDuplex_EnableReceiver), (74 bytes).
    Removing stm32l4xx_hal_uart.o(i.HAL_HalfDuplex_EnableTransmitter), (74 bytes).
    Removing stm32l4xx_hal_uart.o(i.HAL_HalfDuplex_Init), (124 bytes).
    Removing stm32l4xx_hal_uart.o(i.HAL_LIN_Init), (160 bytes).
    Removing stm32l4xx_hal_uart.o(i.HAL_LIN_SendBreak), (62 bytes).
    Removing stm32l4xx_hal_uart.o(i.HAL_MultiProcessor_DisableMuteMode), (58 bytes).
    Removing stm32l4xx_hal_uart.o(i.HAL_MultiProcessor_EnableMuteMode), (58 bytes).
    Removing stm32l4xx_hal_uart.o(i.HAL_MultiProcessor_EnterMuteMode), (14 bytes).
    Removing stm32l4xx_hal_uart.o(i.HAL_MultiProcessor_Init), (148 bytes).
    Removing stm32l4xx_hal_uart.o(i.HAL_UART_Abort), (138 bytes).
    Removing stm32l4xx_hal_uart.o(i.HAL_UART_AbortCpltCallback), (2 bytes).
    Removing stm32l4xx_hal_uart.o(i.HAL_UART_AbortReceive), (90 bytes).
    Removing stm32l4xx_hal_uart.o(i.HAL_UART_AbortReceiveCpltCallback), (2 bytes).
    Removing stm32l4xx_hal_uart.o(i.HAL_UART_AbortReceive_IT), (136 bytes).
    Removing stm32l4xx_hal_uart.o(i.HAL_UART_AbortTransmit), (72 bytes).
    Removing stm32l4xx_hal_uart.o(i.HAL_UART_AbortTransmitCpltCallback), (2 bytes).
    Removing stm32l4xx_hal_uart.o(i.HAL_UART_AbortTransmit_IT), (112 bytes).
    Removing stm32l4xx_hal_uart.o(i.HAL_UART_Abort_IT), (232 bytes).
    Removing stm32l4xx_hal_uart.o(i.HAL_UART_DMAPause), (126 bytes).
    Removing stm32l4xx_hal_uart.o(i.HAL_UART_DMAResume), (108 bytes).
    Removing stm32l4xx_hal_uart.o(i.HAL_UART_DMAStop), (104 bytes).
    Removing stm32l4xx_hal_uart.o(i.HAL_UART_DeInit), (72 bytes).
    Removing stm32l4xx_hal_uart.o(i.HAL_UART_ErrorCallback), (2 bytes).
    Removing stm32l4xx_hal_uart.o(i.HAL_UART_GetError), (6 bytes).
    Removing stm32l4xx_hal_uart.o(i.HAL_UART_GetState), (20 bytes).
    Removing stm32l4xx_hal_uart.o(i.HAL_UART_MspDeInit), (2 bytes).
    Removing stm32l4xx_hal_uart.o(i.HAL_UART_MspInit), (2 bytes).
    Removing stm32l4xx_hal_uart.o(i.HAL_UART_Receive), (280 bytes).
    Removing stm32l4xx_hal_uart.o(i.HAL_UART_Receive_DMA), (168 bytes).
    Removing stm32l4xx_hal_uart.o(i.HAL_UART_RxCpltCallback), (2 bytes).
    Removing stm32l4xx_hal_uart.o(i.HAL_UART_RxHalfCpltCallback), (2 bytes).
    Removing stm32l4xx_hal_uart.o(i.HAL_UART_Transmit_DMA), (156 bytes).
    Removing stm32l4xx_hal_uart.o(i.HAL_UART_Transmit_IT), (90 bytes).
    Removing stm32l4xx_hal_uart.o(i.HAL_UART_TxCpltCallback), (2 bytes).
    Removing stm32l4xx_hal_uart.o(i.HAL_UART_TxHalfCpltCallback), (2 bytes).
    Removing stm32l4xx_hal_uart.o(i.UART_DMAError), (86 bytes).
    Removing stm32l4xx_hal_uart.o(i.UART_DMAReceiveCplt), (72 bytes).
    Removing stm32l4xx_hal_uart.o(i.UART_DMARxAbortCallback), (60 bytes).
    Removing stm32l4xx_hal_uart.o(i.UART_DMARxHalfCplt), (14 bytes).
    Removing stm32l4xx_hal_uart.o(i.UART_DMARxOnlyAbortCallback), (32 bytes).
    Removing stm32l4xx_hal_uart.o(i.UART_DMATransmitCplt), (56 bytes).
    Removing stm32l4xx_hal_uart.o(i.UART_DMATxAbortCallback), (60 bytes).
    Removing stm32l4xx_hal_uart.o(i.UART_DMATxHalfCplt), (14 bytes).
    Removing stm32l4xx_hal_uart.o(i.UART_DMATxOnlyAbortCallback), (26 bytes).
    Removing stm32l4xx_hal_uart.o(i.UART_EndTxTransfer), (20 bytes).
    Removing stm32l4xx_hal_pwr_ex.o(.rev16_text), (4 bytes).
    Removing stm32l4xx_hal_pwr_ex.o(.revsh_text), (4 bytes).
    Removing stm32l4xx_hal_pwr_ex.o(.rrx_text), (6 bytes).
    Removing stm32l4xx_hal_pwr_ex.o(i.HAL_PWREx_ConfigPVM), (668 bytes).
    Removing stm32l4xx_hal_pwr_ex.o(i.HAL_PWREx_DisableBatteryCharging), (20 bytes).
    Removing stm32l4xx_hal_pwr_ex.o(i.HAL_PWREx_DisableGPIOPullDown), (140 bytes).
    Removing stm32l4xx_hal_pwr_ex.o(i.HAL_PWREx_DisableGPIOPullUp), (136 bytes).
    Removing stm32l4xx_hal_pwr_ex.o(i.HAL_PWREx_DisableInternalWakeUpLine), (20 bytes).
    Removing stm32l4xx_hal_pwr_ex.o(i.HAL_PWREx_DisableLowPowerRunMode), (84 bytes).
    Removing stm32l4xx_hal_pwr_ex.o(i.HAL_PWREx_DisablePVM1), (20 bytes).
    Removing stm32l4xx_hal_pwr_ex.o(i.HAL_PWREx_DisablePVM2), (20 bytes).
    Removing stm32l4xx_hal_pwr_ex.o(i.HAL_PWREx_DisablePVM3), (20 bytes).
    Removing stm32l4xx_hal_pwr_ex.o(i.HAL_PWREx_DisablePVM4), (20 bytes).
    Removing stm32l4xx_hal_pwr_ex.o(i.HAL_PWREx_DisablePullUpPullDownConfig), (20 bytes).
    Removing stm32l4xx_hal_pwr_ex.o(i.HAL_PWREx_DisableSRAM2ContentRetention), (20 bytes).
    Removing stm32l4xx_hal_pwr_ex.o(i.HAL_PWREx_DisableVddIO2), (20 bytes).
    Removing stm32l4xx_hal_pwr_ex.o(i.HAL_PWREx_DisableVddUSB), (20 bytes).
    Removing stm32l4xx_hal_pwr_ex.o(i.HAL_PWREx_EnableBatteryCharging), (32 bytes).
    Removing stm32l4xx_hal_pwr_ex.o(i.HAL_PWREx_EnableGPIOPullDown), (216 bytes).
    Removing stm32l4xx_hal_pwr_ex.o(i.HAL_PWREx_EnableGPIOPullUp), (220 bytes).
    Removing stm32l4xx_hal_pwr_ex.o(i.HAL_PWREx_EnableInternalWakeUpLine), (20 bytes).
    Removing stm32l4xx_hal_pwr_ex.o(i.HAL_PWREx_EnableLowPowerRunMode), (20 bytes).
    Removing stm32l4xx_hal_pwr_ex.o(i.HAL_PWREx_EnablePVM1), (20 bytes).
    Removing stm32l4xx_hal_pwr_ex.o(i.HAL_PWREx_EnablePVM2), (20 bytes).
    Removing stm32l4xx_hal_pwr_ex.o(i.HAL_PWREx_EnablePVM3), (20 bytes).
    Removing stm32l4xx_hal_pwr_ex.o(i.HAL_PWREx_EnablePVM4), (20 bytes).
    Removing stm32l4xx_hal_pwr_ex.o(i.HAL_PWREx_EnablePullUpPullDownConfig), (20 bytes).
    Removing stm32l4xx_hal_pwr_ex.o(i.HAL_PWREx_EnableSRAM2ContentRetention), (20 bytes).
    Removing stm32l4xx_hal_pwr_ex.o(i.HAL_PWREx_EnableVddIO2), (20 bytes).
    Removing stm32l4xx_hal_pwr_ex.o(i.HAL_PWREx_EnableVddUSB), (20 bytes).
    Removing stm32l4xx_hal_pwr_ex.o(i.HAL_PWREx_EnterSHUTDOWNMode), (44 bytes).
    Removing stm32l4xx_hal_pwr_ex.o(i.HAL_PWREx_EnterSTOP0Mode), (60 bytes).
    Removing stm32l4xx_hal_pwr_ex.o(i.HAL_PWREx_EnterSTOP1Mode), (64 bytes).
    Removing stm32l4xx_hal_pwr_ex.o(i.HAL_PWREx_EnterSTOP2Mode), (64 bytes).
    Removing stm32l4xx_hal_pwr_ex.o(i.HAL_PWREx_PVD_PVM_IRQHandler), (128 bytes).
    Removing stm32l4xx_hal_pwr_ex.o(i.HAL_PWREx_PVM1Callback), (2 bytes).
    Removing stm32l4xx_hal_pwr_ex.o(i.HAL_PWREx_PVM2Callback), (2 bytes).
    Removing stm32l4xx_hal_pwr_ex.o(i.HAL_PWREx_PVM3Callback), (2 bytes).
    Removing stm32l4xx_hal_pwr_ex.o(i.HAL_PWREx_PVM4Callback), (2 bytes).
    Removing stm32l4xx_hal_tim.o(.rev16_text), (4 bytes).
    Removing stm32l4xx_hal_tim.o(.revsh_text), (4 bytes).
    Removing stm32l4xx_hal_tim.o(.rrx_text), (6 bytes).
    Removing stm32l4xx_hal_tim.o(i.HAL_TIM_Base_DeInit), (70 bytes).
    Removing stm32l4xx_hal_tim.o(i.HAL_TIM_Base_GetState), (8 bytes).
    Removing stm32l4xx_hal_tim.o(i.HAL_TIM_Base_MspDeInit), (2 bytes).
    Removing stm32l4xx_hal_tim.o(i.HAL_TIM_Base_MspInit), (2 bytes).
    Removing stm32l4xx_hal_tim.o(i.HAL_TIM_Base_Start), (30 bytes).
    Removing stm32l4xx_hal_tim.o(i.HAL_TIM_Base_Start_DMA), (104 bytes).
    Removing stm32l4xx_hal_tim.o(i.HAL_TIM_Base_Stop), (56 bytes).
    Removing stm32l4xx_hal_tim.o(i.HAL_TIM_Base_Stop_DMA), (62 bytes).
    Removing stm32l4xx_hal_tim.o(i.HAL_TIM_Base_Stop_IT), (56 bytes).
    Removing stm32l4xx_hal_tim.o(i.HAL_TIM_ConfigOCrefClear), (346 bytes).
    Removing stm32l4xx_hal_tim.o(i.HAL_TIM_ConfigTI1Input), (24 bytes).
    Removing stm32l4xx_hal_tim.o(i.HAL_TIM_DMABurst_ReadStart), (388 bytes).
    Removing stm32l4xx_hal_tim.o(i.HAL_TIM_DMABurst_ReadStop), (128 bytes).
    Removing stm32l4xx_hal_tim.o(i.HAL_TIM_DMABurst_WriteStart), (388 bytes).
    Removing stm32l4xx_hal_tim.o(i.HAL_TIM_DMABurst_WriteStop), (128 bytes).
    Removing stm32l4xx_hal_tim.o(i.HAL_TIM_Encoder_DeInit), (70 bytes).
    Removing stm32l4xx_hal_tim.o(i.HAL_TIM_Encoder_GetState), (8 bytes).
    Removing stm32l4xx_hal_tim.o(i.HAL_TIM_Encoder_Init), (184 bytes).
    Removing stm32l4xx_hal_tim.o(i.HAL_TIM_Encoder_MspDeInit), (2 bytes).
    Removing stm32l4xx_hal_tim.o(i.HAL_TIM_Encoder_MspInit), (2 bytes).
    Removing stm32l4xx_hal_tim.o(i.HAL_TIM_Encoder_Start), (78 bytes).
    Removing stm32l4xx_hal_tim.o(i.HAL_TIM_Encoder_Start_DMA), (328 bytes).
    Removing stm32l4xx_hal_tim.o(i.HAL_TIM_Encoder_Start_IT), (126 bytes).
    Removing stm32l4xx_hal_tim.o(i.HAL_TIM_Encoder_Stop), (104 bytes).
    Removing stm32l4xx_hal_tim.o(i.HAL_TIM_Encoder_Stop_DMA), (152 bytes).
    Removing stm32l4xx_hal_tim.o(i.HAL_TIM_Encoder_Stop_IT), (152 bytes).
    Removing stm32l4xx_hal_tim.o(i.HAL_TIM_ErrorCallback), (2 bytes).
    Removing stm32l4xx_hal_tim.o(i.HAL_TIM_GenerateEvent), (54 bytes).
    Removing stm32l4xx_hal_tim.o(i.HAL_TIM_IC_ConfigChannel), (224 bytes).
    Removing stm32l4xx_hal_tim.o(i.HAL_TIM_IC_DeInit), (70 bytes).
    Removing stm32l4xx_hal_tim.o(i.HAL_TIM_IC_GetState), (8 bytes).
    Removing stm32l4xx_hal_tim.o(i.HAL_TIM_IC_Init), (52 bytes).
    Removing stm32l4xx_hal_tim.o(i.HAL_TIM_IC_MspDeInit), (2 bytes).
    Removing stm32l4xx_hal_tim.o(i.HAL_TIM_IC_MspInit), (2 bytes).
    Removing stm32l4xx_hal_tim.o(i.HAL_TIM_IC_Start), (32 bytes).
    Removing stm32l4xx_hal_tim.o(i.HAL_TIM_IC_Start_DMA), (268 bytes).
    Removing stm32l4xx_hal_tim.o(i.HAL_TIM_IC_Start_IT), (108 bytes).
    Removing stm32l4xx_hal_tim.o(i.HAL_TIM_IC_Stop), (58 bytes).
    Removing stm32l4xx_hal_tim.o(i.HAL_TIM_IC_Stop_DMA), (140 bytes).
    Removing stm32l4xx_hal_tim.o(i.HAL_TIM_IC_Stop_IT), (134 bytes).
    Removing stm32l4xx_hal_tim.o(i.HAL_TIM_OC_ConfigChannel), (148 bytes).
    Removing stm32l4xx_hal_tim.o(i.HAL_TIM_OC_DeInit), (70 bytes).
    Removing stm32l4xx_hal_tim.o(i.HAL_TIM_OC_GetState), (8 bytes).
    Removing stm32l4xx_hal_tim.o(i.HAL_TIM_OC_Init), (52 bytes).
    Removing stm32l4xx_hal_tim.o(i.HAL_TIM_OC_MspDeInit), (2 bytes).
    Removing stm32l4xx_hal_tim.o(i.HAL_TIM_OC_MspInit), (2 bytes).
    Removing stm32l4xx_hal_tim.o(i.HAL_TIM_OC_Start), (112 bytes).
    Removing stm32l4xx_hal_tim.o(i.HAL_TIM_OC_Start_DMA), (348 bytes).
    Removing stm32l4xx_hal_tim.o(i.HAL_TIM_OC_Start_IT), (188 bytes).
    Removing stm32l4xx_hal_tim.o(i.HAL_TIM_OC_Stop), (164 bytes).
    Removing stm32l4xx_hal_tim.o(i.HAL_TIM_OC_Stop_DMA), (248 bytes).
    Removing stm32l4xx_hal_tim.o(i.HAL_TIM_OC_Stop_IT), (240 bytes).
    Removing stm32l4xx_hal_tim.o(i.HAL_TIM_OnePulse_ConfigChannel), (292 bytes).
    Removing stm32l4xx_hal_tim.o(i.HAL_TIM_OnePulse_DeInit), (70 bytes).
    Removing stm32l4xx_hal_tim.o(i.HAL_TIM_OnePulse_GetState), (8 bytes).
    Removing stm32l4xx_hal_tim.o(i.HAL_TIM_OnePulse_Init), (76 bytes).
    Removing stm32l4xx_hal_tim.o(i.HAL_TIM_OnePulse_MspDeInit), (2 bytes).
    Removing stm32l4xx_hal_tim.o(i.HAL_TIM_OnePulse_MspInit), (2 bytes).
    Removing stm32l4xx_hal_tim.o(i.HAL_TIM_OnePulse_Start), (112 bytes).
    Removing stm32l4xx_hal_tim.o(i.HAL_TIM_OnePulse_Start_IT), (136 bytes).
    Removing stm32l4xx_hal_tim.o(i.HAL_TIM_OnePulse_Stop), (176 bytes).
    Removing stm32l4xx_hal_tim.o(i.HAL_TIM_OnePulse_Stop_IT), (200 bytes).
    Removing stm32l4xx_hal_tim.o(i.HAL_TIM_PWM_ConfigChannel), (372 bytes).
    Removing stm32l4xx_hal_tim.o(i.HAL_TIM_PWM_DeInit), (70 bytes).
    Removing stm32l4xx_hal_tim.o(i.HAL_TIM_PWM_GetState), (8 bytes).
    Removing stm32l4xx_hal_tim.o(i.HAL_TIM_PWM_Init), (52 bytes).
    Removing stm32l4xx_hal_tim.o(i.HAL_TIM_PWM_MspDeInit), (2 bytes).
    Removing stm32l4xx_hal_tim.o(i.HAL_TIM_PWM_MspInit), (2 bytes).
    Removing stm32l4xx_hal_tim.o(i.HAL_TIM_PWM_Start), (112 bytes).
    Removing stm32l4xx_hal_tim.o(i.HAL_TIM_PWM_Start_DMA), (348 bytes).
    Removing stm32l4xx_hal_tim.o(i.HAL_TIM_PWM_Start_IT), (188 bytes).
    Removing stm32l4xx_hal_tim.o(i.HAL_TIM_PWM_Stop), (172 bytes).
    Removing stm32l4xx_hal_tim.o(i.HAL_TIM_PWM_Stop_DMA), (248 bytes).
    Removing stm32l4xx_hal_tim.o(i.HAL_TIM_PWM_Stop_IT), (240 bytes).
    Removing stm32l4xx_hal_tim.o(i.HAL_TIM_PeriodElapsedCallback), (2 bytes).
    Removing stm32l4xx_hal_tim.o(i.HAL_TIM_ReadCapturedValue), (84 bytes).
    Removing stm32l4xx_hal_tim.o(i.HAL_TIM_SlaveConfigSynchronization), (86 bytes).
    Removing stm32l4xx_hal_tim.o(i.HAL_TIM_SlaveConfigSynchronization_IT), (86 bytes).
    Removing stm32l4xx_hal_tim.o(i.TIM_CCxChannelCmd), (28 bytes).
    Removing stm32l4xx_hal_tim.o(i.TIM_DMACaptureCplt), (70 bytes).
    Removing stm32l4xx_hal_tim.o(i.TIM_DMADelayPulseCplt), (70 bytes).
    Removing stm32l4xx_hal_tim.o(i.TIM_DMAError), (20 bytes).
    Removing stm32l4xx_hal_tim.o(i.TIM_DMAPeriodElapsedCplt), (20 bytes).
    Removing stm32l4xx_hal_tim.o(i.TIM_DMATriggerCplt), (20 bytes).
    Removing stm32l4xx_hal_tim.o(i.TIM_OC1_SetConfig), (176 bytes).
    Removing stm32l4xx_hal_tim.o(i.TIM_OC2_SetConfig), (188 bytes).
    Removing stm32l4xx_hal_tim.o(i.TIM_OC3_SetConfig), (184 bytes).
    Removing stm32l4xx_hal_tim.o(i.TIM_OC4_SetConfig), (124 bytes).
    Removing stm32l4xx_hal_tim.o(i.TIM_OC5_SetConfig), (116 bytes).
    Removing stm32l4xx_hal_tim.o(i.TIM_OC6_SetConfig), (120 bytes).
    Removing stm32l4xx_hal_tim.o(i.TIM_SlaveTimer_SetConfig), (168 bytes).
    Removing stm32l4xx_hal_tim.o(i.TIM_TI1_SetConfig), (136 bytes).
    Removing stm32l4xx_hal_tim.o(i.TIM_TI2_SetConfig), (62 bytes).
    Removing stm32l4xx_hal_tim.o(i.TIM_TI3_SetConfig), (60 bytes).
    Removing stm32l4xx_hal_tim.o(i.TIM_TI4_SetConfig), (64 bytes).
    Removing stm32l4xx_hal_tim_ex.o(.rev16_text), (4 bytes).
    Removing stm32l4xx_hal_tim_ex.o(.revsh_text), (4 bytes).
    Removing stm32l4xx_hal_tim_ex.o(.rrx_text), (6 bytes).
    Removing stm32l4xx_hal_tim_ex.o(i.HAL_TIMEx_ConfigBreakDeadTime), (192 bytes).
    Removing stm32l4xx_hal_tim_ex.o(i.HAL_TIMEx_ConfigBreakInput), (218 bytes).
    Removing stm32l4xx_hal_tim_ex.o(i.HAL_TIMEx_ConfigCommutationEvent), (110 bytes).
    Removing stm32l4xx_hal_tim_ex.o(i.HAL_TIMEx_ConfigCommutationEvent_DMA), (144 bytes).
    Removing stm32l4xx_hal_tim_ex.o(i.HAL_TIMEx_ConfigCommutationEvent_IT), (122 bytes).
    Removing stm32l4xx_hal_tim_ex.o(i.HAL_TIMEx_GroupChannel5), (72 bytes).
    Removing stm32l4xx_hal_tim_ex.o(i.HAL_TIMEx_HallSensor_DeInit), (70 bytes).
    Removing stm32l4xx_hal_tim_ex.o(i.HAL_TIMEx_HallSensor_GetState), (8 bytes).
    Removing stm32l4xx_hal_tim_ex.o(i.HAL_TIMEx_HallSensor_Init), (212 bytes).
    Removing stm32l4xx_hal_tim_ex.o(i.HAL_TIMEx_HallSensor_MspDeInit), (2 bytes).
    Removing stm32l4xx_hal_tim_ex.o(i.HAL_TIMEx_HallSensor_MspInit), (2 bytes).
    Removing stm32l4xx_hal_tim_ex.o(i.HAL_TIMEx_HallSensor_Start), (30 bytes).
    Removing stm32l4xx_hal_tim_ex.o(i.HAL_TIMEx_HallSensor_Start_DMA), (116 bytes).
    Removing stm32l4xx_hal_tim_ex.o(i.HAL_TIMEx_HallSensor_Start_IT), (42 bytes).
    Removing stm32l4xx_hal_tim_ex.o(i.HAL_TIMEx_HallSensor_Stop), (56 bytes).
    Removing stm32l4xx_hal_tim_ex.o(i.HAL_TIMEx_HallSensor_Stop_DMA), (68 bytes).
    Removing stm32l4xx_hal_tim_ex.o(i.HAL_TIMEx_HallSensor_Stop_IT), (68 bytes).
    Removing stm32l4xx_hal_tim_ex.o(i.HAL_TIMEx_OCN_Start), (44 bytes).
    Removing stm32l4xx_hal_tim_ex.o(i.HAL_TIMEx_OCN_Start_DMA), (280 bytes).
    Removing stm32l4xx_hal_tim_ex.o(i.HAL_TIMEx_OCN_Start_IT), (132 bytes).
    Removing stm32l4xx_hal_tim_ex.o(i.HAL_TIMEx_OCN_Stop), (96 bytes).
    Removing stm32l4xx_hal_tim_ex.o(i.HAL_TIMEx_OCN_Stop_DMA), (178 bytes).
    Removing stm32l4xx_hal_tim_ex.o(i.HAL_TIMEx_OCN_Stop_IT), (198 bytes).
    Removing stm32l4xx_hal_tim_ex.o(i.HAL_TIMEx_OnePulseN_Start), (32 bytes).
    Removing stm32l4xx_hal_tim_ex.o(i.HAL_TIMEx_OnePulseN_Start_IT), (56 bytes).
    Removing stm32l4xx_hal_tim_ex.o(i.HAL_TIMEx_OnePulseN_Stop), (96 bytes).
    Removing stm32l4xx_hal_tim_ex.o(i.HAL_TIMEx_OnePulseN_Stop_IT), (120 bytes).
    Removing stm32l4xx_hal_tim_ex.o(i.HAL_TIMEx_PWMN_Start), (44 bytes).
    Removing stm32l4xx_hal_tim_ex.o(i.HAL_TIMEx_PWMN_Start_DMA), (280 bytes).
    Removing stm32l4xx_hal_tim_ex.o(i.HAL_TIMEx_PWMN_Start_IT), (132 bytes).
    Removing stm32l4xx_hal_tim_ex.o(i.HAL_TIMEx_PWMN_Stop), (96 bytes).
    Removing stm32l4xx_hal_tim_ex.o(i.HAL_TIMEx_PWMN_Stop_DMA), (178 bytes).
    Removing stm32l4xx_hal_tim_ex.o(i.HAL_TIMEx_PWMN_Stop_IT), (198 bytes).
    Removing stm32l4xx_hal_tim_ex.o(i.HAL_TIMEx_RemapConfig), (128 bytes).
    Removing stm32l4xx_hal_tim_ex.o(i.TIMEx_DMACommutationCplt), (20 bytes).
    Removing stm32l4xx_hal_tim_ex.o(i.TIM_CCxNChannelCmd), (28 bytes).
    Removing startup_stm32l476xx.o(HEAP), (512 bytes).

403 unused section(s) (total 33643 bytes) removed from the image.

==============================================================================

Image Symbol Table

    Local Symbols

    Symbol Name                              Value     Ov Type        Size  Object(Section)

    ../clib/microlib/division.c              0x00000000   Number         0  uldiv.o ABSOLUTE
    ../clib/microlib/init/entry.s            0x00000000   Number         0  entry9a.o ABSOLUTE
    ../clib/microlib/init/entry.s            0x00000000   Number         0  entry8a.o ABSOLUTE
    ../clib/microlib/init/entry.s            0x00000000   Number         0  entry7b.o ABSOLUTE
    ../clib/microlib/init/entry.s            0x00000000   Number         0  entry2.o ABSOLUTE
    ../clib/microlib/init/entry.s            0x00000000   Number         0  entry8b.o ABSOLUTE
    ../clib/microlib/init/entry.s            0x00000000   Number         0  entry7a.o ABSOLUTE
    ../clib/microlib/init/entry.s            0x00000000   Number         0  entry.o ABSOLUTE
    ../clib/microlib/init/entry.s            0x00000000   Number         0  entry11b.o ABSOLUTE
    ../clib/microlib/init/entry.s            0x00000000   Number         0  entry11a.o ABSOLUTE
    ../clib/microlib/init/entry.s            0x00000000   Number         0  entry10b.o ABSOLUTE
    ../clib/microlib/init/entry.s            0x00000000   Number         0  entry5.o ABSOLUTE
    ../clib/microlib/init/entry.s            0x00000000   Number         0  entry10a.o ABSOLUTE
    ../clib/microlib/init/entry.s            0x00000000   Number         0  entry9b.o ABSOLUTE
    ../clib/microlib/longlong.c              0x00000000   Number         0  llushr.o ABSOLUTE
    ../clib/microlib/longlong.c              0x00000000   Number         0  llshl.o ABSOLUTE
    ../clib/microlib/string/memset.c         0x00000000   Number         0  memseta.o ABSOLUTE
    ../clib/microlib/string/strlen.c         0x00000000   Number         0  strlen.o ABSOLUTE
    ..\Drivers\BSP\STM32L4xx_Nucleo\stm32l4xx_nucleo.c 0x00000000   Number         0  stm32l4xx_nucleo.o ABSOLUTE
    ..\Drivers\STM32L4xx_HAL_Driver\Src\stm32l4xx_hal.c 0x00000000   Number         0  stm32l4xx_hal.o ABSOLUTE
    ..\Drivers\STM32L4xx_HAL_Driver\Src\stm32l4xx_hal_cortex.c 0x00000000   Number         0  stm32l4xx_hal_cortex.o ABSOLUTE
    ..\Drivers\STM32L4xx_HAL_Driver\Src\stm32l4xx_hal_dma.c 0x00000000   Number         0  stm32l4xx_hal_dma.o ABSOLUTE
    ..\Drivers\STM32L4xx_HAL_Driver\Src\stm32l4xx_hal_gpio.c 0x00000000   Number         0  stm32l4xx_hal_gpio.o ABSOLUTE
    ..\Drivers\STM32L4xx_HAL_Driver\Src\stm32l4xx_hal_pwr.c 0x00000000   Number         0  stm32l4xx_hal_pwr.o ABSOLUTE
    ..\Drivers\STM32L4xx_HAL_Driver\Src\stm32l4xx_hal_pwr_ex.c 0x00000000   Number         0  stm32l4xx_hal_pwr_ex.o ABSOLUTE
    ..\Drivers\STM32L4xx_HAL_Driver\Src\stm32l4xx_hal_rcc.c 0x00000000   Number         0  stm32l4xx_hal_rcc.o ABSOLUTE
    ..\Drivers\STM32L4xx_HAL_Driver\Src\stm32l4xx_hal_rcc_ex.c 0x00000000   Number         0  stm32l4xx_hal_rcc_ex.o ABSOLUTE
    ..\Drivers\STM32L4xx_HAL_Driver\Src\stm32l4xx_hal_tim.c 0x00000000   Number         0  stm32l4xx_hal_tim.o ABSOLUTE
    ..\Drivers\STM32L4xx_HAL_Driver\Src\stm32l4xx_hal_tim_ex.c 0x00000000   Number         0  stm32l4xx_hal_tim_ex.o ABSOLUTE
    ..\Drivers\STM32L4xx_HAL_Driver\Src\stm32l4xx_hal_uart.c 0x00000000   Number         0  stm32l4xx_hal_uart.o ABSOLUTE
    ..\Drivers\STM32L4xx_HAL_Driver\Src\stm32l4xx_hal_uart_ex.c 0x00000000   Number         0  stm32l4xx_hal_uart_ex.o ABSOLUTE
    ..\Src\STM32_DHT12.c                     0x00000000   Number         0  stm32_dht12.o ABSOLUTE
    ..\Src\STM32_ESP8266.c                   0x00000000   Number         0  stm32_esp8266.o ABSOLUTE
    ..\Src\STM32_LCD1602.c                   0x00000000   Number         0  stm32_lcd1602.o ABSOLUTE
    ..\Src\STM32_PMS7003.c                   0x00000000   Number         0  stm32_pms7003.o ABSOLUTE
    ..\Src\common.c                          0x00000000   Number         0  common.o ABSOLUTE
    ..\Src\main.c                            0x00000000   Number         0  main.o ABSOLUTE
    ..\Src\stm32l4xx_hal_msp.c               0x00000000   Number         0  stm32l4xx_hal_msp.o ABSOLUTE
    ..\Src\stm32l4xx_it.c                    0x00000000   Number         0  stm32l4xx_it.o ABSOLUTE
    ..\Src\system_stm32l4xx.c                0x00000000   Number         0  system_stm32l4xx.o ABSOLUTE
    ..\\Drivers\\BSP\\STM32L4xx_Nucleo\\stm32l4xx_nucleo.c 0x00000000   Number         0  stm32l4xx_nucleo.o ABSOLUTE
    ..\\Drivers\\STM32L4xx_HAL_Driver\\Src\\stm32l4xx_hal.c 0x00000000   Number         0  stm32l4xx_hal.o ABSOLUTE
    ..\\Drivers\\STM32L4xx_HAL_Driver\\Src\\stm32l4xx_hal_cortex.c 0x00000000   Number         0  stm32l4xx_hal_cortex.o ABSOLUTE
    ..\\Drivers\\STM32L4xx_HAL_Driver\\Src\\stm32l4xx_hal_dma.c 0x00000000   Number         0  stm32l4xx_hal_dma.o ABSOLUTE
    ..\\Drivers\\STM32L4xx_HAL_Driver\\Src\\stm32l4xx_hal_gpio.c 0x00000000   Number         0  stm32l4xx_hal_gpio.o ABSOLUTE
    ..\\Drivers\\STM32L4xx_HAL_Driver\\Src\\stm32l4xx_hal_pwr.c 0x00000000   Number         0  stm32l4xx_hal_pwr.o ABSOLUTE
    ..\\Drivers\\STM32L4xx_HAL_Driver\\Src\\stm32l4xx_hal_pwr_ex.c 0x00000000   Number         0  stm32l4xx_hal_pwr_ex.o ABSOLUTE
    ..\\Drivers\\STM32L4xx_HAL_Driver\\Src\\stm32l4xx_hal_rcc.c 0x00000000   Number         0  stm32l4xx_hal_rcc.o ABSOLUTE
    ..\\Drivers\\STM32L4xx_HAL_Driver\\Src\\stm32l4xx_hal_rcc_ex.c 0x00000000   Number         0  stm32l4xx_hal_rcc_ex.o ABSOLUTE
    ..\\Drivers\\STM32L4xx_HAL_Driver\\Src\\stm32l4xx_hal_tim.c 0x00000000   Number         0  stm32l4xx_hal_tim.o ABSOLUTE
    ..\\Drivers\\STM32L4xx_HAL_Driver\\Src\\stm32l4xx_hal_tim_ex.c 0x00000000   Number         0  stm32l4xx_hal_tim_ex.o ABSOLUTE
    ..\\Drivers\\STM32L4xx_HAL_Driver\\Src\\stm32l4xx_hal_uart.c 0x00000000   Number         0  stm32l4xx_hal_uart.o ABSOLUTE
    ..\\Drivers\\STM32L4xx_HAL_Driver\\Src\\stm32l4xx_hal_uart_ex.c 0x00000000   Number         0  stm32l4xx_hal_uart_ex.o ABSOLUTE
    ..\\Src\\STM32_DHT12.c                   0x00000000   Number         0  stm32_dht12.o ABSOLUTE
    ..\\Src\\STM32_ESP8266.c                 0x00000000   Number         0  stm32_esp8266.o ABSOLUTE
    ..\\Src\\STM32_LCD1602.c                 0x00000000   Number         0  stm32_lcd1602.o ABSOLUTE
    ..\\Src\\STM32_PMS7003.c                 0x00000000   Number         0  stm32_pms7003.o ABSOLUTE
    ..\\Src\\common.c                        0x00000000   Number         0  common.o ABSOLUTE
    ..\\Src\\main.c                          0x00000000   Number         0  main.o ABSOLUTE
    ..\\Src\\stm32l4xx_hal_msp.c             0x00000000   Number         0  stm32l4xx_hal_msp.o ABSOLUTE
    ..\\Src\\stm32l4xx_it.c                  0x00000000   Number         0  stm32l4xx_it.o ABSOLUTE
    ..\\Src\\system_stm32l4xx.c              0x00000000   Number         0  system_stm32l4xx.o ABSOLUTE
    dc.s                                     0x00000000   Number         0  dc.o ABSOLUTE
    handlers.s                               0x00000000   Number         0  handlers.o ABSOLUTE
    init.s                                   0x00000000   Number         0  init.o ABSOLUTE
    startup_stm32l476xx.s                    0x00000000   Number         0  startup_stm32l476xx.o ABSOLUTE
    RESET                                    0x08000000   Section      392  startup_stm32l476xx.o(RESET)
    .ARM.Collect$$$$00000000                 0x08000188   Section        0  entry.o(.ARM.Collect$$$$00000000)
    .ARM.Collect$$$$00000001                 0x08000188   Section        4  entry2.o(.ARM.Collect$$$$00000001)
    .ARM.Collect$$$$00000004                 0x0800018c   Section        4  entry5.o(.ARM.Collect$$$$00000004)
    .ARM.Collect$$$$00000008                 0x08000190   Section        0  entry7b.o(.ARM.Collect$$$$00000008)
    .ARM.Collect$$$$0000000A                 0x08000190   Section        0  entry8b.o(.ARM.Collect$$$$0000000A)
    .ARM.Collect$$$$0000000B                 0x08000190   Section        8  entry9a.o(.ARM.Collect$$$$0000000B)
    .ARM.Collect$$$$0000000D                 0x08000198   Section        0  entry10a.o(.ARM.Collect$$$$0000000D)
    .ARM.Collect$$$$0000000F                 0x08000198   Section        0  entry11a.o(.ARM.Collect$$$$0000000F)
    .ARM.Collect$$$$00002712                 0x08000198   Section        4  entry2.o(.ARM.Collect$$$$00002712)
    __lit__00000000                          0x08000198   Data           4  entry2.o(.ARM.Collect$$$$00002712)
    .text                                    0x0800019c   Section       36  startup_stm32l476xx.o(.text)
    $v0                                      0x0800019c   Number         0  startup_stm32l476xx.o(.text)
    .text                                    0x080001c0   Section        0  uldiv.o(.text)
    .text                                    0x08000228   Section        0  memseta.o(.text)
    .text                                    0x0800024c   Section        0  strlen.o(.text)
    .text                                    0x0800025a   Section        0  llshl.o(.text)
    .text                                    0x08000278   Section        0  llushr.o(.text)
    .text                                    0x08000298   Section       36  init.o(.text)
    i.BSP_LED_On                             0x080002bc   Section        0  stm32l4xx_nucleo.o(i.BSP_LED_On)
    i.BusFault_Handler                       0x080002dc   Section        0  stm32l4xx_it.o(i.BusFault_Handler)
    i.DHT12_Gpio_Init                        0x080002e0   Section        0  stm32_dht12.o(i.DHT12_Gpio_Init)
    i.DHT12_rec_byte                         0x0800032c   Section        0  stm32_dht12.o(i.DHT12_rec_byte)
    i.DHT12_receive                          0x080003a0   Section        0  stm32_dht12.o(i.DHT12_receive)
    i.Data_String_Update                     0x080005c4   Section        0  main.o(i.Data_String_Update)
    i.DebugMon_Handler                       0x08000758   Section        0  stm32l4xx_it.o(i.DebugMon_Handler)
    i.ESP8266_UART_Send                      0x0800075c   Section        0  stm32_esp8266.o(i.ESP8266_UART_Send)
    i.HAL_DMA_Abort_IT                       0x080007c4   Section        0  stm32l4xx_hal_dma.o(i.HAL_DMA_Abort_IT)
    i.HAL_GPIO_Init                          0x0800081c   Section        0  stm32l4xx_hal_gpio.o(i.HAL_GPIO_Init)
    i.HAL_GPIO_ReadPin                       0x08000a24   Section        0  stm32l4xx_hal_gpio.o(i.HAL_GPIO_ReadPin)
    i.HAL_GPIO_WritePin                      0x08000a34   Section        0  stm32l4xx_hal_gpio.o(i.HAL_GPIO_WritePin)
    i.HAL_GetTick                            0x08000a40   Section        0  stm32l4xx_hal.o(i.HAL_GetTick)
    i.HAL_IncTick                            0x08000a4c   Section        0  stm32l4xx_hal.o(i.HAL_IncTick)
    i.HAL_Init                               0x08000a5c   Section        0  stm32l4xx_hal.o(i.HAL_Init)
    i.HAL_InitTick                           0x08000a74   Section        0  stm32l4xx_hal.o(i.HAL_InitTick)
    i.HAL_MspInit                            0x08000a9c   Section        0  stm32l4xx_hal.o(i.HAL_MspInit)
    i.HAL_NVIC_EnableIRQ                     0x08000a9e   Section        0  stm32l4xx_hal_cortex.o(i.HAL_NVIC_EnableIRQ)
    i.HAL_NVIC_SetPriority                   0x08000ab8   Section        0  stm32l4xx_hal_cortex.o(i.HAL_NVIC_SetPriority)
    i.HAL_NVIC_SetPriorityGrouping           0x08000b3c   Section        0  stm32l4xx_hal_cortex.o(i.HAL_NVIC_SetPriorityGrouping)
    i.HAL_PWREx_ControlVoltageScaling        0x08000b64   Section        0  stm32l4xx_hal_pwr_ex.o(i.HAL_PWREx_ControlVoltageScaling)
    i.HAL_PWREx_GetVoltageRange              0x08000bf0   Section        0  stm32l4xx_hal_pwr_ex.o(i.HAL_PWREx_GetVoltageRange)
    i.HAL_RCC_ClockConfig                    0x08000c00   Section        0  stm32l4xx_hal_rcc.o(i.HAL_RCC_ClockConfig)
    i.HAL_RCC_GetHCLKFreq                    0x08000de8   Section        0  stm32l4xx_hal_rcc.o(i.HAL_RCC_GetHCLKFreq)
    i.HAL_RCC_GetPCLK1Freq                   0x08000df4   Section        0  stm32l4xx_hal_rcc.o(i.HAL_RCC_GetPCLK1Freq)
    i.HAL_RCC_GetPCLK2Freq                   0x08000e20   Section        0  stm32l4xx_hal_rcc.o(i.HAL_RCC_GetPCLK2Freq)
    i.HAL_RCC_GetSysClockFreq                0x08000e4c   Section        0  stm32l4xx_hal_rcc.o(i.HAL_RCC_GetSysClockFreq)
    i.HAL_RCC_OscConfig                      0x08000fc0   Section        0  stm32l4xx_hal_rcc.o(i.HAL_RCC_OscConfig)
    i.HAL_SYSTICK_Config                     0x0800160c   Section        0  stm32l4xx_hal_cortex.o(i.HAL_SYSTICK_Config)
    i.HAL_TIMEx_BreakCallback                0x08001640   Section        0  stm32l4xx_hal_tim_ex.o(i.HAL_TIMEx_BreakCallback)
    i.HAL_TIMEx_CommutationCallback          0x08001642   Section        0  stm32l4xx_hal_tim_ex.o(i.HAL_TIMEx_CommutationCallback)
    i.HAL_TIMEx_MasterConfigSynchronization  0x08001644   Section        0  stm32l4xx_hal_tim_ex.o(i.HAL_TIMEx_MasterConfigSynchronization)
    i.HAL_TIM_Base_Init                      0x080016b0   Section        0  stm32l4xx_hal_tim.o(i.HAL_TIM_Base_Init)
    i.HAL_TIM_Base_MspInit                   0x080016e4   Section        0  stm32l4xx_hal_msp.o(i.HAL_TIM_Base_MspInit)
    i.HAL_TIM_Base_Start_IT                  0x08001728   Section        0  stm32l4xx_hal_tim.o(i.HAL_TIM_Base_Start_IT)
    i.HAL_TIM_ConfigClockSource              0x08001748   Section        0  stm32l4xx_hal_tim.o(i.HAL_TIM_ConfigClockSource)
    i.HAL_TIM_IC_CaptureCallback             0x08001880   Section        0  stm32l4xx_hal_tim.o(i.HAL_TIM_IC_CaptureCallback)
    i.HAL_TIM_IRQHandler                     0x08001882   Section        0  stm32l4xx_hal_tim.o(i.HAL_TIM_IRQHandler)
    i.HAL_TIM_OC_DelayElapsedCallback        0x08001a18   Section        0  stm32l4xx_hal_tim.o(i.HAL_TIM_OC_DelayElapsedCallback)
    i.HAL_TIM_PWM_PulseFinishedCallback      0x08001a1a   Section        0  stm32l4xx_hal_tim.o(i.HAL_TIM_PWM_PulseFinishedCallback)
    i.HAL_TIM_PeriodElapsedCallback          0x08001a1c   Section        0  main.o(i.HAL_TIM_PeriodElapsedCallback)
    i.HAL_TIM_TriggerCallback                0x08001a7c   Section        0  stm32l4xx_hal_tim.o(i.HAL_TIM_TriggerCallback)
    i.HAL_UARTEx_WakeupCallback              0x08001a7e   Section        0  stm32l4xx_hal_uart_ex.o(i.HAL_UARTEx_WakeupCallback)
    i.HAL_UART_ErrorCallback                 0x08001a80   Section        0  stm32l4xx_hal_msp.o(i.HAL_UART_ErrorCallback)
    i.HAL_UART_IRQHandler                    0x08001a84   Section        0  stm32l4xx_hal_uart.o(i.HAL_UART_IRQHandler)
    i.HAL_UART_Init                          0x08001c14   Section        0  stm32l4xx_hal_uart.o(i.HAL_UART_Init)
    i.HAL_UART_MspInit                       0x08001c8c   Section        0  stm32l4xx_hal_msp.o(i.HAL_UART_MspInit)
    i.HAL_UART_Receive_IT                    0x08001da4   Section        0  stm32l4xx_hal_uart.o(i.HAL_UART_Receive_IT)
    i.HAL_UART_RxCpltCallback                0x08001e60   Section        0  stm32l4xx_hal_msp.o(i.HAL_UART_RxCpltCallback)
    i.HAL_UART_Transmit                      0x08002008   Section        0  stm32l4xx_hal_uart.o(i.HAL_UART_Transmit)
    i.HAL_UART_TxCpltCallback                0x080020d0   Section        0  stm32l4xx_hal_msp.o(i.HAL_UART_TxCpltCallback)
    i.HardFault_Handler                      0x080020dc   Section        0  stm32l4xx_it.o(i.HardFault_Handler)
    i.LCD1602_Clear_Screen                   0x080020e0   Section        0  stm32_lcd1602.o(i.LCD1602_Clear_Screen)
    i.LCD1602_DATA_write                     0x080020ec   Section        0  stm32_lcd1602.o(i.LCD1602_DATA_write)
    i.LCD1602_INIT                           0x08002108   Section        0  stm32_lcd1602.o(i.LCD1602_INIT)
    i.LCD_Gpio_Init                          0x08002138   Section        0  stm32_lcd1602.o(i.LCD_Gpio_Init)
    i.LCD_Show_Stage_Change                  0x080021d0   Section        0  main.o(i.LCD_Show_Stage_Change)
    i.LCD_Show_Update                        0x08002230   Section        0  main.o(i.LCD_Show_Update)
    i.MX_TIM3_Init                           0x080022ac   Section        0  main.o(i.MX_TIM3_Init)
    i.MX_USART1_UART_Init                    0x08002368   Section        0  stm32_pms7003.o(i.MX_USART1_UART_Init)
    i.MX_USART3_UART_Init                    0x080023f0   Section        0  stm32_esp8266.o(i.MX_USART3_UART_Init)
    i.MemManage_Handler                      0x08002498   Section        0  stm32l4xx_it.o(i.MemManage_Handler)
    i.NMI_Handler                            0x0800249c   Section        0  stm32l4xx_it.o(i.NMI_Handler)
    i.NVIC_GetPriorityGrouping               0x080024a0   Section        0  stm32l4xx_hal_cortex.o(i.NVIC_GetPriorityGrouping)
    NVIC_GetPriorityGrouping                 0x080024a1   Thumb Code    10  stm32l4xx_hal_cortex.o(i.NVIC_GetPriorityGrouping)
    i.NVIC_SetPriority                       0x080024b0   Section        0  stm32l4xx_hal_cortex.o(i.NVIC_SetPriority)
    NVIC_SetPriority                         0x080024b1   Thumb Code    32  stm32l4xx_hal_cortex.o(i.NVIC_SetPriority)
    i.PMS7003_DATA_Refresh                   0x080024d8   Section        0  stm32_pms7003.o(i.PMS7003_DATA_Refresh)
    i.PendSV_Handler                         0x0800263c   Section        0  stm32l4xx_it.o(i.PendSV_Handler)
    i.RCC_SetFlashLatencyFromMSIRange        0x08002640   Section        0  stm32l4xx_hal_rcc.o(i.RCC_SetFlashLatencyFromMSIRange)
    RCC_SetFlashLatencyFromMSIRange          0x08002641   Thumb Code   150  stm32l4xx_hal_rcc.o(i.RCC_SetFlashLatencyFromMSIRange)
    i.SVC_Handler                            0x080026e0   Section        0  stm32l4xx_it.o(i.SVC_Handler)
    i.SysTick_Handler                        0x080026e2   Section        0  stm32l4xx_it.o(i.SysTick_Handler)
    i.SystemClock_Config                     0x080026ea   Section        0  main.o(i.SystemClock_Config)
    i.SystemInit                             0x08002754   Section        0  system_stm32l4xx.o(i.SystemInit)
    i.TIM3_IRQHandler                        0x080027a4   Section        0  stm32l4xx_it.o(i.TIM3_IRQHandler)
    i.TIM_Base_SetConfig                     0x080027b4   Section        0  stm32l4xx_hal_tim.o(i.TIM_Base_SetConfig)
    i.TIM_ETR_SetConfig                      0x08002874   Section        0  stm32l4xx_hal_tim.o(i.TIM_ETR_SetConfig)
    i.TIM_ITRx_SetConfig                     0x0800288c   Section        0  stm32l4xx_hal_tim.o(i.TIM_ITRx_SetConfig)
    TIM_ITRx_SetConfig                       0x0800288d   Thumb Code    20  stm32l4xx_hal_tim.o(i.TIM_ITRx_SetConfig)
    i.TIM_TI1_ConfigInputStage               0x080028a0   Section        0  stm32l4xx_hal_tim.o(i.TIM_TI1_ConfigInputStage)
    TIM_TI1_ConfigInputStage                 0x080028a1   Thumb Code    42  stm32l4xx_hal_tim.o(i.TIM_TI1_ConfigInputStage)
    i.TIM_TI2_ConfigInputStage               0x080028ca   Section        0  stm32l4xx_hal_tim.o(i.TIM_TI2_ConfigInputStage)
    TIM_TI2_ConfigInputStage                 0x080028cb   Thumb Code    44  stm32l4xx_hal_tim.o(i.TIM_TI2_ConfigInputStage)
    i.UART_AdvFeatureConfig                  0x080028f6   Section        0  stm32l4xx_hal_uart.o(i.UART_AdvFeatureConfig)
    i.UART_CheckIdleState                    0x080029ee   Section        0  stm32l4xx_hal_uart.o(i.UART_CheckIdleState)
    i.UART_DMAAbortOnError                   0x08002a62   Section        0  stm32l4xx_hal_uart.o(i.UART_DMAAbortOnError)
    UART_DMAAbortOnError                     0x08002a63   Thumb Code    24  stm32l4xx_hal_uart.o(i.UART_DMAAbortOnError)
    i.UART_EndRxTransfer                     0x08002a7a   Section        0  stm32l4xx_hal_uart.o(i.UART_EndRxTransfer)
    UART_EndRxTransfer                       0x08002a7b   Thumb Code    32  stm32l4xx_hal_uart.o(i.UART_EndRxTransfer)
    i.UART_EndTransmit_IT                    0x08002a9a   Section        0  stm32l4xx_hal_uart.o(i.UART_EndTransmit_IT)
    UART_EndTransmit_IT                      0x08002a9b   Thumb Code    32  stm32l4xx_hal_uart.o(i.UART_EndTransmit_IT)
    i.UART_Receive_IT                        0x08002aba   Section        0  stm32l4xx_hal_uart.o(i.UART_Receive_IT)
    UART_Receive_IT                          0x08002abb   Thumb Code   138  stm32l4xx_hal_uart.o(i.UART_Receive_IT)
    i.UART_SetConfig                         0x08002b44   Section        0  stm32l4xx_hal_uart.o(i.UART_SetConfig)
    i.UART_Transmit_IT                       0x08002fd2   Section        0  stm32l4xx_hal_uart.o(i.UART_Transmit_IT)
    UART_Transmit_IT                         0x08002fd3   Thumb Code   106  stm32l4xx_hal_uart.o(i.UART_Transmit_IT)
    i.UART_WaitOnFlagUntilTimeout            0x0800303c   Section        0  stm32l4xx_hal_uart.o(i.UART_WaitOnFlagUntilTimeout)
    i.USART1_IRQHandler                      0x080030a8   Section        0  stm32l4xx_it.o(i.USART1_IRQHandler)
    i.USART2_IRQHandler                      0x080030b8   Section        0  stm32l4xx_it.o(i.USART2_IRQHandler)
    i.USART3_IRQHandler                      0x080030bc   Section        0  stm32l4xx_it.o(i.USART3_IRQHandler)
    i.UsageFault_Handler                     0x080030cc   Section        0  stm32l4xx_it.o(i.UsageFault_Handler)
    i.WaitForEnable                          0x080030d0   Section        0  stm32_lcd1602.o(i.WaitForEnable)
    i._Error_Handler                         0x0800314c   Section        0  common.o(i._Error_Handler)
    i.__scatterload_copy                     0x0800315a   Section       14  handlers.o(i.__scatterload_copy)
    i.__scatterload_null                     0x08003168   Section        2  handlers.o(i.__scatterload_null)
    i.__scatterload_zeroinit                 0x0800316a   Section       14  handlers.o(i.__scatterload_zeroinit)
    i.delay_init                             0x08003178   Section        0  common.o(i.delay_init)
    i.delay_ms                               0x080031b0   Section        0  common.o(i.delay_ms)
    i.delay_us                               0x080031c8   Section        0  common.o(i.delay_us)
    i.lcd1602_show_character                 0x08003204   Section        0  stm32_lcd1602.o(i.lcd1602_show_character)
    i.lcd1602_show_string                    0x08003252   Section        0  stm32_lcd1602.o(i.lcd1602_show_string)
    i.lcd_data_out                           0x080032b0   Section        0  stm32_lcd1602.o(i.lcd_data_out)
    i.main                                   0x08003330   Section        0  main.o(i.main)
    i.wifi_sendData                          0x080033bc   Section        0  stm32_esp8266.o(i.wifi_sendData)
    i.write_com                              0x0800365c   Section        0  stm32_lcd1602.o(i.write_com)
    i.write_data                             0x080036c8   Section        0  stm32_lcd1602.o(i.write_data)
    .constdata                               0x08003734   Section       72  system_stm32l4xx.o(.constdata)
    .constdata                               0x0800377c   Section        6  stm32l4xx_nucleo.o(.constdata)
    .conststring                             0x08003784   Section       75  stm32_esp8266.o(.conststring)
    .data                                    0x20000000   Section        4  system_stm32l4xx.o(.data)
    .data                                    0x20000004   Section        8  stm32l4xx_nucleo.o(.data)
    .data                                    0x2000000c   Section      108  main.o(.data)
    .data                                    0x20000078   Section        4  common.o(.data)
    fac_us                                   0x20000078   Data           1  common.o(.data)
    fac_ms                                   0x2000007a   Data           2  common.o(.data)
    .data                                    0x2000007c   Section        2  stm32_dht12.o(.data)
    .data                                    0x20000080   Section       40  stm32_esp8266.o(.data)
    .data                                    0x200000a8   Section        7  stm32l4xx_hal_msp.o(.data)
    .data                                    0x200000b0   Section        4  stm32l4xx_hal.o(.data)
    .bss                                     0x200000b4   Section       80  main.o(.bss)
    GPIO_InitStruct                          0x200000b4   Data          20  main.o(.bss)
    .bss                                     0x20000104   Section      250  stm32_pms7003.o(.bss)
    .bss                                     0x20000200   Section      144  stm32_esp8266.o(.bss)
    .bss                                     0x20000290   Section       80  stm32l4xx_hal_msp.o(.bss)
    STACK                                    0x200002e0   Section     1024  startup_stm32l476xx.o(STACK)

    Global Symbols

    Symbol Name                              Value     Ov Type        Size  Object(Section)

    BuildAttributes$$THM_ISAv4$E$P$D$K$B$S$7EM$VFPi3$EXTD16$VFPS$VFMA$PE$A:L22UL41UL21$X:L11$S22US41US21$IEEE1$IW$USESV6$~STKCKD$USESV7$~SHL$OSPACE$EBA8$MICROLIB$REQ8$PRES8$EABIv2 0x00000000   Number         0  anon$$obj.o ABSOLUTE
    __ARM_use_no_argv                        0x00000000   Number         0  main.o ABSOLUTE
    __cpp_initialize__aeabi_                  - Undefined Weak Reference
    __cxa_finalize                            - Undefined Weak Reference
    __decompress                              - Undefined Weak Reference
    _clock_init                               - Undefined Weak Reference
    _microlib_exit                            - Undefined Weak Reference
    __Vectors_Size                           0x00000188   Number         0  startup_stm32l476xx.o ABSOLUTE
    __Vectors                                0x08000000   Data           4  startup_stm32l476xx.o(RESET)
    __Vectors_End                            0x08000188   Data           0  startup_stm32l476xx.o(RESET)
    __main                                   0x08000189   Thumb Code     0  entry.o(.ARM.Collect$$$$00000000)
    _main_stk                                0x08000189   Thumb Code     0  entry2.o(.ARM.Collect$$$$00000001)
    _main_scatterload                        0x0800018d   Thumb Code     0  entry5.o(.ARM.Collect$$$$00000004)
    __main_after_scatterload                 0x08000191   Thumb Code     0  entry5.o(.ARM.Collect$$$$00000004)
    _main_clock                              0x08000191   Thumb Code     0  entry7b.o(.ARM.Collect$$$$00000008)
    _main_cpp_init                           0x08000191   Thumb Code     0  entry8b.o(.ARM.Collect$$$$0000000A)
    _main_init                               0x08000191   Thumb Code     0  entry9a.o(.ARM.Collect$$$$0000000B)
    __rt_final_cpp                           0x08000199   Thumb Code     0  entry10a.o(.ARM.Collect$$$$0000000D)
    __rt_final_exit                          0x08000199   Thumb Code     0  entry11a.o(.ARM.Collect$$$$0000000F)
    Reset_Handler                            0x0800019d   Thumb Code     8  startup_stm32l476xx.o(.text)
    ADC1_2_IRQHandler                        0x080001b7   Thumb Code     0  startup_stm32l476xx.o(.text)
    ADC3_IRQHandler                          0x080001b7   Thumb Code     0  startup_stm32l476xx.o(.text)
    CAN1_RX0_IRQHandler                      0x080001b7   Thumb Code     0  startup_stm32l476xx.o(.text)
    CAN1_RX1_IRQHandler                      0x080001b7   Thumb Code     0  startup_stm32l476xx.o(.text)
    CAN1_SCE_IRQHandler                      0x080001b7   Thumb Code     0  startup_stm32l476xx.o(.text)
    CAN1_TX_IRQHandler                       0x080001b7   Thumb Code     0  startup_stm32l476xx.o(.text)
    COMP_IRQHandler                          0x080001b7   Thumb Code     0  startup_stm32l476xx.o(.text)
    DFSDM1_FLT0_IRQHandler                   0x080001b7   Thumb Code     0  startup_stm32l476xx.o(.text)
    DFSDM1_FLT1_IRQHandler                   0x080001b7   Thumb Code     0  startup_stm32l476xx.o(.text)
    DFSDM1_FLT2_IRQHandler                   0x080001b7   Thumb Code     0  startup_stm32l476xx.o(.text)
    DFSDM1_FLT3_IRQHandler                   0x080001b7   Thumb Code     0  startup_stm32l476xx.o(.text)
    DMA1_Channel1_IRQHandler                 0x080001b7   Thumb Code     0  startup_stm32l476xx.o(.text)
    DMA1_Channel2_IRQHandler                 0x080001b7   Thumb Code     0  startup_stm32l476xx.o(.text)
    DMA1_Channel3_IRQHandler                 0x080001b7   Thumb Code     0  startup_stm32l476xx.o(.text)
    DMA1_Channel4_IRQHandler                 0x080001b7   Thumb Code     0  startup_stm32l476xx.o(.text)
    DMA1_Channel5_IRQHandler                 0x080001b7   Thumb Code     0  startup_stm32l476xx.o(.text)
    DMA1_Channel6_IRQHandler                 0x080001b7   Thumb Code     0  startup_stm32l476xx.o(.text)
    DMA1_Channel7_IRQHandler                 0x080001b7   Thumb Code     0  startup_stm32l476xx.o(.text)
    DMA2_Channel1_IRQHandler                 0x080001b7   Thumb Code     0  startup_stm32l476xx.o(.text)
    DMA2_Channel2_IRQHandler                 0x080001b7   Thumb Code     0  startup_stm32l476xx.o(.text)
    DMA2_Channel3_IRQHandler                 0x080001b7   Thumb Code     0  startup_stm32l476xx.o(.text)
    DMA2_Channel4_IRQHandler                 0x080001b7   Thumb Code     0  startup_stm32l476xx.o(.text)
    DMA2_Channel5_IRQHandler                 0x080001b7   Thumb Code     0  startup_stm32l476xx.o(.text)
    DMA2_Channel6_IRQHandler                 0x080001b7   Thumb Code     0  startup_stm32l476xx.o(.text)
    DMA2_Channel7_IRQHandler                 0x080001b7   Thumb Code     0  startup_stm32l476xx.o(.text)
    EXTI0_IRQHandler                         0x080001b7   Thumb Code     0  startup_stm32l476xx.o(.text)
    EXTI15_10_IRQHandler                     0x080001b7   Thumb Code     0  startup_stm32l476xx.o(.text)
    EXTI1_IRQHandler                         0x080001b7   Thumb Code     0  startup_stm32l476xx.o(.text)
    EXTI2_IRQHandler                         0x080001b7   Thumb Code     0  startup_stm32l476xx.o(.text)
    EXTI3_IRQHandler                         0x080001b7   Thumb Code     0  startup_stm32l476xx.o(.text)
    EXTI4_IRQHandler                         0x080001b7   Thumb Code     0  startup_stm32l476xx.o(.text)
    EXTI9_5_IRQHandler                       0x080001b7   Thumb Code     0  startup_stm32l476xx.o(.text)
    FLASH_IRQHandler                         0x080001b7   Thumb Code     0  startup_stm32l476xx.o(.text)
    FMC_IRQHandler                           0x080001b7   Thumb Code     0  startup_stm32l476xx.o(.text)
    FPU_IRQHandler                           0x080001b7   Thumb Code     0  startup_stm32l476xx.o(.text)
    I2C1_ER_IRQHandler                       0x080001b7   Thumb Code     0  startup_stm32l476xx.o(.text)
    I2C1_EV_IRQHandler                       0x080001b7   Thumb Code     0  startup_stm32l476xx.o(.text)
    I2C2_ER_IRQHandler                       0x080001b7   Thumb Code     0  startup_stm32l476xx.o(.text)
    I2C2_EV_IRQHandler                       0x080001b7   Thumb Code     0  startup_stm32l476xx.o(.text)
    I2C3_ER_IRQHandler                       0x080001b7   Thumb Code     0  startup_stm32l476xx.o(.text)
    I2C3_EV_IRQHandler                       0x080001b7   Thumb Code     0  startup_stm32l476xx.o(.text)
    LCD_IRQHandler                           0x080001b7   Thumb Code     0  startup_stm32l476xx.o(.text)
    LPTIM1_IRQHandler                        0x080001b7   Thumb Code     0  startup_stm32l476xx.o(.text)
    LPTIM2_IRQHandler                        0x080001b7   Thumb Code     0  startup_stm32l476xx.o(.text)
    LPUART1_IRQHandler                       0x080001b7   Thumb Code     0  startup_stm32l476xx.o(.text)
    OTG_FS_IRQHandler                        0x080001b7   Thumb Code     0  startup_stm32l476xx.o(.text)
    PVD_PVM_IRQHandler                       0x080001b7   Thumb Code     0  startup_stm32l476xx.o(.text)
    QUADSPI_IRQHandler                       0x080001b7   Thumb Code     0  startup_stm32l476xx.o(.text)
    RCC_IRQHandler                           0x080001b7   Thumb Code     0  startup_stm32l476xx.o(.text)
    RNG_IRQHandler                           0x080001b7   Thumb Code     0  startup_stm32l476xx.o(.text)
    RTC_Alarm_IRQHandler                     0x080001b7   Thumb Code     0  startup_stm32l476xx.o(.text)
    RTC_WKUP_IRQHandler                      0x080001b7   Thumb Code     0  startup_stm32l476xx.o(.text)
    SAI1_IRQHandler                          0x080001b7   Thumb Code     0  startup_stm32l476xx.o(.text)
    SAI2_IRQHandler                          0x080001b7   Thumb Code     0  startup_stm32l476xx.o(.text)
    SDMMC1_IRQHandler                        0x080001b7   Thumb Code     0  startup_stm32l476xx.o(.text)
    SPI1_IRQHandler                          0x080001b7   Thumb Code     0  startup_stm32l476xx.o(.text)
    SPI2_IRQHandler                          0x080001b7   Thumb Code     0  startup_stm32l476xx.o(.text)
    SPI3_IRQHandler                          0x080001b7   Thumb Code     0  startup_stm32l476xx.o(.text)
    SWPMI1_IRQHandler                        0x080001b7   Thumb Code     0  startup_stm32l476xx.o(.text)
    TAMP_STAMP_IRQHandler                    0x080001b7   Thumb Code     0  startup_stm32l476xx.o(.text)
    TIM1_BRK_TIM15_IRQHandler                0x080001b7   Thumb Code     0  startup_stm32l476xx.o(.text)
    TIM1_CC_IRQHandler                       0x080001b7   Thumb Code     0  startup_stm32l476xx.o(.text)
    TIM1_TRG_COM_TIM17_IRQHandler            0x080001b7   Thumb Code     0  startup_stm32l476xx.o(.text)
    TIM1_UP_TIM16_IRQHandler                 0x080001b7   Thumb Code     0  startup_stm32l476xx.o(.text)
    TIM2_IRQHandler                          0x080001b7   Thumb Code     0  startup_stm32l476xx.o(.text)
    TIM4_IRQHandler                          0x080001b7   Thumb Code     0  startup_stm32l476xx.o(.text)
    TIM5_IRQHandler                          0x080001b7   Thumb Code     0  startup_stm32l476xx.o(.text)
    TIM6_DAC_IRQHandler                      0x080001b7   Thumb Code     0  startup_stm32l476xx.o(.text)
    TIM7_IRQHandler                          0x080001b7   Thumb Code     0  startup_stm32l476xx.o(.text)
    TIM8_BRK_IRQHandler                      0x080001b7   Thumb Code     0  startup_stm32l476xx.o(.text)
    TIM8_CC_IRQHandler                       0x080001b7   Thumb Code     0  startup_stm32l476xx.o(.text)
    TIM8_TRG_COM_IRQHandler                  0x080001b7   Thumb Code     0  startup_stm32l476xx.o(.text)
    TIM8_UP_IRQHandler                       0x080001b7   Thumb Code     0  startup_stm32l476xx.o(.text)
    TSC_IRQHandler                           0x080001b7   Thumb Code     0  startup_stm32l476xx.o(.text)
    UART4_IRQHandler                         0x080001b7   Thumb Code     0  startup_stm32l476xx.o(.text)
    UART5_IRQHandler                         0x080001b7   Thumb Code     0  startup_stm32l476xx.o(.text)
    WWDG_IRQHandler                          0x080001b7   Thumb Code     0  startup_stm32l476xx.o(.text)
    __aeabi_uldivmod                         0x080001c1   Thumb Code    98  uldiv.o(.text)
    __aeabi_memset                           0x08000229   Thumb Code    14  memseta.o(.text)
    __aeabi_memset4                          0x08000229   Thumb Code     0  memseta.o(.text)
    __aeabi_memset8                          0x08000229   Thumb Code     0  memseta.o(.text)
    __aeabi_memclr                           0x08000237   Thumb Code     4  memseta.o(.text)
    __aeabi_memclr4                          0x08000237   Thumb Code     0  memseta.o(.text)
    __aeabi_memclr8                          0x08000237   Thumb Code     0  memseta.o(.text)
    _memset$wrapper                          0x0800023b   Thumb Code    18  memseta.o(.text)
    strlen                                   0x0800024d   Thumb Code    14  strlen.o(.text)
    __aeabi_llsl                             0x0800025b   Thumb Code    30  llshl.o(.text)
    _ll_shift_l                              0x0800025b   Thumb Code     0  llshl.o(.text)
    __aeabi_llsr                             0x08000279   Thumb Code    32  llushr.o(.text)
    _ll_ushift_r                             0x08000279   Thumb Code     0  llushr.o(.text)
    __scatterload                            0x08000299   Thumb Code    28  init.o(.text)
    __scatterload_rt2                        0x08000299   Thumb Code     0  init.o(.text)
    BSP_LED_On                               0x080002bd   Thumb Code    24  stm32l4xx_nucleo.o(i.BSP_LED_On)
    BusFault_Handler                         0x080002dd   Thumb Code     4  stm32l4xx_it.o(i.BusFault_Handler)
    DHT12_Gpio_Init                          0x080002e1   Thumb Code    70  stm32_dht12.o(i.DHT12_Gpio_Init)
    DHT12_rec_byte                           0x0800032d   Thumb Code   116  stm32_dht12.o(i.DHT12_rec_byte)
    DHT12_receive                            0x080003a1   Thumb Code   514  stm32_dht12.o(i.DHT12_receive)
    Data_String_Update                       0x080005c5   Thumb Code   374  main.o(i.Data_String_Update)
    DebugMon_Handler                         0x08000759   Thumb Code     2  stm32l4xx_it.o(i.DebugMon_Handler)
    ESP8266_UART_Send                        0x0800075d   Thumb Code    64  stm32_esp8266.o(i.ESP8266_UART_Send)
    HAL_DMA_Abort_IT                         0x080007c5   Thumb Code    88  stm32l4xx_hal_dma.o(i.HAL_DMA_Abort_IT)
    HAL_GPIO_Init                            0x0800081d   Thumb Code   484  stm32l4xx_hal_gpio.o(i.HAL_GPIO_Init)
    HAL_GPIO_ReadPin                         0x08000a25   Thumb Code    16  stm32l4xx_hal_gpio.o(i.HAL_GPIO_ReadPin)
    HAL_GPIO_WritePin                        0x08000a35   Thumb Code    10  stm32l4xx_hal_gpio.o(i.HAL_GPIO_WritePin)
    HAL_GetTick                              0x08000a41   Thumb Code     6  stm32l4xx_hal.o(i.HAL_GetTick)
    HAL_IncTick                              0x08000a4d   Thumb Code    12  stm32l4xx_hal.o(i.HAL_IncTick)
    HAL_Init                                 0x08000a5d   Thumb Code    22  stm32l4xx_hal.o(i.HAL_Init)
    HAL_InitTick                             0x08000a75   Thumb Code    36  stm32l4xx_hal.o(i.HAL_InitTick)
    HAL_MspInit                              0x08000a9d   Thumb Code     2  stm32l4xx_hal.o(i.HAL_MspInit)
    HAL_NVIC_EnableIRQ                       0x08000a9f   Thumb Code    26  stm32l4xx_hal_cortex.o(i.HAL_NVIC_EnableIRQ)
    HAL_NVIC_SetPriority                     0x08000ab9   Thumb Code   124  stm32l4xx_hal_cortex.o(i.HAL_NVIC_SetPriority)
    HAL_NVIC_SetPriorityGrouping             0x08000b3d   Thumb Code    32  stm32l4xx_hal_cortex.o(i.HAL_NVIC_SetPriorityGrouping)
    HAL_PWREx_ControlVoltageScaling          0x08000b65   Thumb Code   128  stm32l4xx_hal_pwr_ex.o(i.HAL_PWREx_ControlVoltageScaling)
    HAL_PWREx_GetVoltageRange                0x08000bf1   Thumb Code    10  stm32l4xx_hal_pwr_ex.o(i.HAL_PWREx_GetVoltageRange)
    HAL_RCC_ClockConfig                      0x08000c01   Thumb Code   470  stm32l4xx_hal_rcc.o(i.HAL_RCC_ClockConfig)
    HAL_RCC_GetHCLKFreq                      0x08000de9   Thumb Code     6  stm32l4xx_hal_rcc.o(i.HAL_RCC_GetHCLKFreq)
    HAL_RCC_GetPCLK1Freq                     0x08000df5   Thumb Code    36  stm32l4xx_hal_rcc.o(i.HAL_RCC_GetPCLK1Freq)
    HAL_RCC_GetPCLK2Freq                     0x08000e21   Thumb Code    36  stm32l4xx_hal_rcc.o(i.HAL_RCC_GetPCLK2Freq)
    HAL_RCC_GetSysClockFreq                  0x08000e4d   Thumb Code   356  stm32l4xx_hal_rcc.o(i.HAL_RCC_GetSysClockFreq)
    HAL_RCC_OscConfig                        0x08000fc1   Thumb Code  1598  stm32l4xx_hal_rcc.o(i.HAL_RCC_OscConfig)
    HAL_SYSTICK_Config                       0x0800160d   Thumb Code    52  stm32l4xx_hal_cortex.o(i.HAL_SYSTICK_Config)
    HAL_TIMEx_BreakCallback                  0x08001641   Thumb Code     2  stm32l4xx_hal_tim_ex.o(i.HAL_TIMEx_BreakCallback)
    HAL_TIMEx_CommutationCallback            0x08001643   Thumb Code     2  stm32l4xx_hal_tim_ex.o(i.HAL_TIMEx_CommutationCallback)
    HAL_TIMEx_MasterConfigSynchronization    0x08001645   Thumb Code    98  stm32l4xx_hal_tim_ex.o(i.HAL_TIMEx_MasterConfigSynchronization)
    HAL_TIM_Base_Init                        0x080016b1   Thumb Code    52  stm32l4xx_hal_tim.o(i.HAL_TIM_Base_Init)
    HAL_TIM_Base_MspInit                     0x080016e5   Thumb Code    58  stm32l4xx_hal_msp.o(i.HAL_TIM_Base_MspInit)
    HAL_TIM_Base_Start_IT                    0x08001729   Thumb Code    30  stm32l4xx_hal_tim.o(i.HAL_TIM_Base_Start_IT)
    HAL_TIM_ConfigClockSource                0x08001749   Thumb Code   308  stm32l4xx_hal_tim.o(i.HAL_TIM_ConfigClockSource)
    HAL_TIM_IC_CaptureCallback               0x08001881   Thumb Code     2  stm32l4xx_hal_tim.o(i.HAL_TIM_IC_CaptureCallback)
    HAL_TIM_IRQHandler                       0x08001883   Thumb Code   406  stm32l4xx_hal_tim.o(i.HAL_TIM_IRQHandler)
    HAL_TIM_OC_DelayElapsedCallback          0x08001a19   Thumb Code     2  stm32l4xx_hal_tim.o(i.HAL_TIM_OC_DelayElapsedCallback)
    HAL_TIM_PWM_PulseFinishedCallback        0x08001a1b   Thumb Code     2  stm32l4xx_hal_tim.o(i.HAL_TIM_PWM_PulseFinishedCallback)
    HAL_TIM_PeriodElapsedCallback            0x08001a1d   Thumb Code    80  main.o(i.HAL_TIM_PeriodElapsedCallback)
    HAL_TIM_TriggerCallback                  0x08001a7d   Thumb Code     2  stm32l4xx_hal_tim.o(i.HAL_TIM_TriggerCallback)
    HAL_UARTEx_WakeupCallback                0x08001a7f   Thumb Code     2  stm32l4xx_hal_uart_ex.o(i.HAL_UARTEx_WakeupCallback)
    HAL_UART_ErrorCallback                   0x08001a81   Thumb Code     2  stm32l4xx_hal_msp.o(i.HAL_UART_ErrorCallback)
    HAL_UART_IRQHandler                      0x08001a85   Thumb Code   394  stm32l4xx_hal_uart.o(i.HAL_UART_IRQHandler)
    HAL_UART_Init                            0x08001c15   Thumb Code   120  stm32l4xx_hal_uart.o(i.HAL_UART_Init)
    HAL_UART_MspInit                         0x08001c8d   Thumb Code   260  stm32l4xx_hal_msp.o(i.HAL_UART_MspInit)
    HAL_UART_Receive_IT                      0x08001da5   Thumb Code   188  stm32l4xx_hal_uart.o(i.HAL_UART_Receive_IT)
    HAL_UART_RxCpltCallback                  0x08001e61   Thumb Code   362  stm32l4xx_hal_msp.o(i.HAL_UART_RxCpltCallback)
    HAL_UART_Transmit                        0x08002009   Thumb Code   198  stm32l4xx_hal_uart.o(i.HAL_UART_Transmit)
    HAL_UART_TxCpltCallback                  0x080020d1   Thumb Code     8  stm32l4xx_hal_msp.o(i.HAL_UART_TxCpltCallback)
    HardFault_Handler                        0x080020dd   Thumb Code     4  stm32l4xx_it.o(i.HardFault_Handler)
    LCD1602_Clear_Screen                     0x080020e1   Thumb Code    12  stm32_lcd1602.o(i.LCD1602_Clear_Screen)
    LCD1602_DATA_write                       0x080020ed   Thumb Code    28  stm32_lcd1602.o(i.LCD1602_DATA_write)
    LCD1602_INIT                             0x08002109   Thumb Code    48  stm32_lcd1602.o(i.LCD1602_INIT)
    LCD_Gpio_Init                            0x08002139   Thumb Code   140  stm32_lcd1602.o(i.LCD_Gpio_Init)
    LCD_Show_Stage_Change                    0x080021d1   Thumb Code    76  main.o(i.LCD_Show_Stage_Change)
    LCD_Show_Update                          0x08002231   Thumb Code    96  main.o(i.LCD_Show_Update)
    MX_TIM3_Init                             0x080022ad   Thumb Code   162  main.o(i.MX_TIM3_Init)
    MX_USART1_UART_Init                      0x08002369   Thumb Code   100  stm32_pms7003.o(i.MX_USART1_UART_Init)
    MX_USART3_UART_Init                      0x080023f1   Thumb Code   128  stm32_esp8266.o(i.MX_USART3_UART_Init)
    MemManage_Handler                        0x08002499   Thumb Code     4  stm32l4xx_it.o(i.MemManage_Handler)
    NMI_Handler                              0x0800249d   Thumb Code     2  stm32l4xx_it.o(i.NMI_Handler)
    PMS7003_DATA_Refresh                     0x080024d9   Thumb Code   348  stm32_pms7003.o(i.PMS7003_DATA_Refresh)
    PendSV_Handler                           0x0800263d   Thumb Code     2  stm32l4xx_it.o(i.PendSV_Handler)
    SVC_Handler                              0x080026e1   Thumb Code     2  stm32l4xx_it.o(i.SVC_Handler)
    SysTick_Handler                          0x080026e3   Thumb Code     8  stm32l4xx_it.o(i.SysTick_Handler)
    SystemClock_Config                       0x080026eb   Thumb Code   104  main.o(i.SystemClock_Config)
    SystemInit                               0x08002755   Thumb Code    68  system_stm32l4xx.o(i.SystemInit)
    TIM3_IRQHandler                          0x080027a5   Thumb Code    10  stm32l4xx_it.o(i.TIM3_IRQHandler)
    TIM_Base_SetConfig                       0x080027b5   Thumb Code   160  stm32l4xx_hal_tim.o(i.TIM_Base_SetConfig)
    TIM_ETR_SetConfig                        0x08002875   Thumb Code    24  stm32l4xx_hal_tim.o(i.TIM_ETR_SetConfig)
    UART_AdvFeatureConfig                    0x080028f7   Thumb Code   248  stm32l4xx_hal_uart.o(i.UART_AdvFeatureConfig)
    UART_CheckIdleState                      0x080029ef   Thumb Code   116  stm32l4xx_hal_uart.o(i.UART_CheckIdleState)
    UART_SetConfig                           0x08002b45   Thumb Code  1156  stm32l4xx_hal_uart.o(i.UART_SetConfig)
    UART_WaitOnFlagUntilTimeout              0x0800303d   Thumb Code   108  stm32l4xx_hal_uart.o(i.UART_WaitOnFlagUntilTimeout)
    USART1_IRQHandler                        0x080030a9   Thumb Code    10  stm32l4xx_it.o(i.USART1_IRQHandler)
    USART2_IRQHandler                        0x080030b9   Thumb Code     2  stm32l4xx_it.o(i.USART2_IRQHandler)
    USART3_IRQHandler                        0x080030bd   Thumb Code    10  stm32l4xx_it.o(i.USART3_IRQHandler)
    UsageFault_Handler                       0x080030cd   Thumb Code     4  stm32l4xx_it.o(i.UsageFault_Handler)
    WaitForEnable                            0x080030d1   Thumb Code   114  stm32_lcd1602.o(i.WaitForEnable)
    _Error_Handler                           0x0800314d   Thumb Code    14  common.o(i._Error_Handler)
    __scatterload_copy                       0x0800315b   Thumb Code    14  handlers.o(i.__scatterload_copy)
    __scatterload_null                       0x08003169   Thumb Code     2  handlers.o(i.__scatterload_null)
    __scatterload_zeroinit                   0x0800316b   Thumb Code    14  handlers.o(i.__scatterload_zeroinit)
    delay_init                               0x08003179   Thumb Code    48  common.o(i.delay_init)
    delay_ms                                 0x080031b1   Thumb Code    22  common.o(i.delay_ms)
    delay_us                                 0x080031c9   Thumb Code    56  common.o(i.delay_us)
    lcd1602_show_character                   0x08003205   Thumb Code    78  stm32_lcd1602.o(i.lcd1602_show_character)
    lcd1602_show_string                      0x08003253   Thumb Code    94  stm32_lcd1602.o(i.lcd1602_show_string)
    lcd_data_out                             0x080032b1   Thumb Code   124  stm32_lcd1602.o(i.lcd_data_out)
    main                                     0x08003331   Thumb Code   114  main.o(i.main)
    wifi_sendData                            0x080033bd   Thumb Code   400  stm32_esp8266.o(i.wifi_sendData)
    write_com                                0x0800365d   Thumb Code   104  stm32_lcd1602.o(i.write_com)
    write_data                               0x080036c9   Thumb Code   104  stm32_lcd1602.o(i.write_data)
    AHBPrescTable                            0x08003734   Data          16  system_stm32l4xx.o(.constdata)
    APBPrescTable                            0x08003744   Data           8  system_stm32l4xx.o(.constdata)
    MSIRangeTable                            0x0800374c   Data          48  system_stm32l4xx.o(.constdata)
    GPIO_PIN                                 0x0800377c   Data           2  stm32l4xx_nucleo.o(.constdata)
    BUTTON_PIN                               0x0800377e   Data           2  stm32l4xx_nucleo.o(.constdata)
    BUTTON_IRQn                              0x08003780   Data           2  stm32l4xx_nucleo.o(.constdata)
    Region$$Table$$Base                      0x080037d0   Number         0  anon$$obj.o(Region$$Table)
    Region$$Table$$Limit                     0x080037f0   Number         0  anon$$obj.o(Region$$Table)
    SystemCoreClock                          0x20000000   Data           4  system_stm32l4xx.o(.data)
    GPIO_PORT                                0x20000004   Data           4  stm32l4xx_nucleo.o(.data)
    BUTTON_PORT                              0x20000008   Data           4  stm32l4xx_nucleo.o(.data)
    line1                                    0x2000000c   Data          17  main.o(.data)
    line2                                    0x2000001d   Data          17  main.o(.data)
    line3                                    0x2000002e   Data          17  main.o(.data)
    line4                                    0x2000003f   Data          17  main.o(.data)
    lcd_show_stage                           0x20000050   Data           1  main.o(.data)
    lcd_show_count                           0x20000051   Data           1  main.o(.data)
    lcd_change_count                         0x20000052   Data           1  main.o(.data)
    wifi_refresh_count                       0x20000053   Data           1  main.o(.data)
    PMS7003_Data_Ready                       0x20000054   Data           1  main.o(.data)
    humidity                                 0x20000058   Data           4  main.o(.data)
    temperature                              0x2000005c   Data           4  main.o(.data)
    humidity_str                             0x20000060   Data           6  main.o(.data)
    temperature_str                          0x20000066   Data           6  main.o(.data)
    PM25_str                                 0x2000006c   Data           6  main.o(.data)
    PM10_str                                 0x20000072   Data           6  main.o(.data)
    Temp_Sensor_AnswerFlag                   0x2000007c   Data           1  stm32_dht12.o(.data)
    Temp_Sensor_ErrorFlag                    0x2000007d   Data           1  stm32_dht12.o(.data)
    wifi_receive_flag                        0x20000080   Data           1  stm32_esp8266.o(.data)
    usart2_aTxBuffer                         0x20000081   Data          30  stm32_esp8266.o(.data)
    RxCharBuf_wifi_index                     0x200000a0   Data           4  stm32_esp8266.o(.data)
    Wifi_flag_index                          0x200000a4   Data           4  stm32_esp8266.o(.data)
    UartReady                                0x200000a8   Data           1  stm32l4xx_hal_msp.o(.data)
    usart1_RxBuffer                          0x200000a9   Data           2  stm32l4xx_hal_msp.o(.data)
    usart1_aRxData_Index                     0x200000ab   Data           1  stm32l4xx_hal_msp.o(.data)
    usart2_RxBuffer                          0x200000ac   Data           2  stm32l4xx_hal_msp.o(.data)
    usart2_aRxData_Index                     0x200000ae   Data           1  stm32l4xx_hal_msp.o(.data)
    uwTick                                   0x200000b0   Data           4  stm32l4xx_hal.o(.data)
    htim3                                    0x200000c8   Data          60  main.o(.bss)
    UartHandle                               0x20000104   Data         112  stm32_pms7003.o(.bss)
    huart1                                   0x20000174   Data         112  stm32_pms7003.o(.bss)
    PM_Sensor_Data                           0x200001e4   Data          26  stm32_pms7003.o(.bss)
    huart3                                   0x20000200   Data         112  stm32_esp8266.o(.bss)
    RxCharBuf_wifi                           0x20000270   Data          16  stm32_esp8266.o(.bss)
    Wifi_flag                                0x20000280   Data          16  stm32_esp8266.o(.bss)
    usart1_aRxData                           0x20000290   Data          40  stm32l4xx_hal_msp.o(.bss)
    usart2_aRxData                           0x200002b8   Data          40  stm32l4xx_hal_msp.o(.bss)
    __initial_sp                             0x200006e0   Data           0  startup_stm32l476xx.o(STACK)



==============================================================================

Memory Map of the image

  Image Entry point : 0x08000189

  Load Region LR_IROM1 (Base: 0x08000000, Size: 0x000038a4, Max: 0x00100000, ABSOLUTE)

    Execution Region ER_IROM1 (Exec base: 0x08000000, Load base: 0x08000000, Size: 0x000037f0, Max: 0x00100000, ABSOLUTE)

    Exec Addr    Load Addr    Size         Type   Attr      Idx    E Section Name        Object

    0x08000000   0x08000000   0x00000188   Data   RO         3156    RESET               startup_stm32l476xx.o
    0x08000188   0x08000188   0x00000000   Code   RO         3161  * .ARM.Collect$$$$00000000  mc_w.l(entry.o)
    0x08000188   0x08000188   0x00000004   Code   RO         3170    .ARM.Collect$$$$00000001  mc_w.l(entry2.o)
    0x0800018c   0x0800018c   0x00000004   Code   RO         3173    .ARM.Collect$$$$00000004  mc_w.l(entry5.o)
    0x08000190   0x08000190   0x00000000   Code   RO         3175    .ARM.Collect$$$$00000008  mc_w.l(entry7b.o)
    0x08000190   0x08000190   0x00000000   Code   RO         3177    .ARM.Collect$$$$0000000A  mc_w.l(entry8b.o)
    0x08000190   0x08000190   0x00000008   Code   RO         3178    .ARM.Collect$$$$0000000B  mc_w.l(entry9a.o)
    0x08000198   0x08000198   0x00000000   Code   RO         3180    .ARM.Collect$$$$0000000D  mc_w.l(entry10a.o)
    0x08000198   0x08000198   0x00000000   Code   RO         3182    .ARM.Collect$$$$0000000F  mc_w.l(entry11a.o)
    0x08000198   0x08000198   0x00000004   Code   RO         3171    .ARM.Collect$$$$00002712  mc_w.l(entry2.o)
    0x0800019c   0x0800019c   0x00000024   Code   RO         3157    .text               startup_stm32l476xx.o
    0x080001c0   0x080001c0   0x00000068   Code   RO         3164    .text               mc_w.l(uldiv.o)
    0x08000228   0x08000228   0x00000024   Code   RO         3166    .text               mc_w.l(memseta.o)
    0x0800024c   0x0800024c   0x0000000e   Code   RO         3168    .text               mc_w.l(strlen.o)
    0x0800025a   0x0800025a   0x0000001e   Code   RO         3184    .text               mc_w.l(llshl.o)
    0x08000278   0x08000278   0x00000020   Code   RO         3186    .text               mc_w.l(llushr.o)
    0x08000298   0x08000298   0x00000024   Code   RO         3188    .text               mc_w.l(init.o)
    0x080002bc   0x080002bc   0x00000020   Code   RO          139    i.BSP_LED_On        stm32l4xx_nucleo.o
    0x080002dc   0x080002dc   0x00000004   Code   RO          290    i.BusFault_Handler  stm32l4xx_it.o
    0x080002e0   0x080002e0   0x0000004c   Code   RO          434    i.DHT12_Gpio_Init   stm32_dht12.o
    0x0800032c   0x0800032c   0x00000074   Code   RO          435    i.DHT12_rec_byte    stm32_dht12.o
    0x080003a0   0x080003a0   0x00000224   Code   RO          436    i.DHT12_receive     stm32_dht12.o
    0x080005c4   0x080005c4   0x00000194   Code   RO          207    i.Data_String_Update  main.o
    0x08000758   0x08000758   0x00000002   Code   RO          291    i.DebugMon_Handler  stm32l4xx_it.o
    0x0800075a   0x0800075a   0x00000002   PAD
    0x0800075c   0x0800075c   0x00000068   Code   RO          631    i.ESP8266_UART_Send  stm32_esp8266.o
    0x080007c4   0x080007c4   0x00000058   Code   RO         1085    i.HAL_DMA_Abort_IT  stm32l4xx_hal_dma.o
    0x0800081c   0x0800081c   0x00000208   Code   RO          807    i.HAL_GPIO_Init     stm32l4xx_hal_gpio.o
    0x08000a24   0x08000a24   0x00000010   Code   RO          809    i.HAL_GPIO_ReadPin  stm32l4xx_hal_gpio.o
    0x08000a34   0x08000a34   0x0000000a   Code   RO          811    i.HAL_GPIO_WritePin  stm32l4xx_hal_gpio.o
    0x08000a3e   0x08000a3e   0x00000002   PAD
    0x08000a40   0x08000a40   0x0000000c   Code   RO          881    i.HAL_GetTick       stm32l4xx_hal.o
    0x08000a4c   0x08000a4c   0x00000010   Code   RO          885    i.HAL_IncTick       stm32l4xx_hal.o
    0x08000a5c   0x08000a5c   0x00000016   Code   RO          886    i.HAL_Init          stm32l4xx_hal.o
    0x08000a72   0x08000a72   0x00000002   PAD
    0x08000a74   0x08000a74   0x00000028   Code   RO          887    i.HAL_InitTick      stm32l4xx_hal.o
    0x08000a9c   0x08000a9c   0x00000002   Code   RO          889    i.HAL_MspInit       stm32l4xx_hal.o
    0x08000a9e   0x08000a9e   0x0000001a   Code   RO         1181    i.HAL_NVIC_EnableIRQ  stm32l4xx_hal_cortex.o
    0x08000ab8   0x08000ab8   0x00000082   Code   RO         1187    i.HAL_NVIC_SetPriority  stm32l4xx_hal_cortex.o
    0x08000b3a   0x08000b3a   0x00000002   PAD
    0x08000b3c   0x08000b3c   0x00000028   Code   RO         1188    i.HAL_NVIC_SetPriorityGrouping  stm32l4xx_hal_cortex.o
    0x08000b64   0x08000b64   0x0000008c   Code   RO         2009    i.HAL_PWREx_ControlVoltageScaling  stm32l4xx_hal_pwr_ex.o
    0x08000bf0   0x08000bf0   0x00000010   Code   RO         2040    i.HAL_PWREx_GetVoltageRange  stm32l4xx_hal_pwr_ex.o
    0x08000c00   0x08000c00   0x000001e8   Code   RO         1557    i.HAL_RCC_ClockConfig  stm32l4xx_hal_rcc.o
    0x08000de8   0x08000de8   0x0000000c   Code   RO         1561    i.HAL_RCC_GetHCLKFreq  stm32l4xx_hal_rcc.o
    0x08000df4   0x08000df4   0x0000002c   Code   RO         1563    i.HAL_RCC_GetPCLK1Freq  stm32l4xx_hal_rcc.o
    0x08000e20   0x08000e20   0x0000002c   Code   RO         1564    i.HAL_RCC_GetPCLK2Freq  stm32l4xx_hal_rcc.o
    0x08000e4c   0x08000e4c   0x00000174   Code   RO         1565    i.HAL_RCC_GetSysClockFreq  stm32l4xx_hal_rcc.o
    0x08000fc0   0x08000fc0   0x0000064c   Code   RO         1568    i.HAL_RCC_OscConfig  stm32l4xx_hal_rcc.o
    0x0800160c   0x0800160c   0x00000034   Code   RO         1192    i.HAL_SYSTICK_Config  stm32l4xx_hal_cortex.o
    0x08001640   0x08001640   0x00000002   Code   RO         2906    i.HAL_TIMEx_BreakCallback  stm32l4xx_hal_tim_ex.o
    0x08001642   0x08001642   0x00000002   Code   RO         2907    i.HAL_TIMEx_CommutationCallback  stm32l4xx_hal_tim_ex.o
    0x08001644   0x08001644   0x0000006c   Code   RO         2925    i.HAL_TIMEx_MasterConfigSynchronization  stm32l4xx_hal_tim_ex.o
    0x080016b0   0x080016b0   0x00000034   Code   RO         2256    i.HAL_TIM_Base_Init  stm32l4xx_hal_tim.o
    0x080016e4   0x080016e4   0x00000044   Code   RO          686    i.HAL_TIM_Base_MspInit  stm32l4xx_hal_msp.o
    0x08001728   0x08001728   0x0000001e   Code   RO         2261    i.HAL_TIM_Base_Start_IT  stm32l4xx_hal_tim.o
    0x08001746   0x08001746   0x00000002   PAD
    0x08001748   0x08001748   0x00000138   Code   RO         2265    i.HAL_TIM_ConfigClockSource  stm32l4xx_hal_tim.o
    0x08001880   0x08001880   0x00000002   Code   RO         2285    i.HAL_TIM_IC_CaptureCallback  stm32l4xx_hal_tim.o
    0x08001882   0x08001882   0x00000196   Code   RO         2298    i.HAL_TIM_IRQHandler  stm32l4xx_hal_tim.o
    0x08001a18   0x08001a18   0x00000002   Code   RO         2301    i.HAL_TIM_OC_DelayElapsedCallback  stm32l4xx_hal_tim.o
    0x08001a1a   0x08001a1a   0x00000002   Code   RO         2328    i.HAL_TIM_PWM_PulseFinishedCallback  stm32l4xx_hal_tim.o
    0x08001a1c   0x08001a1c   0x00000060   Code   RO          208    i.HAL_TIM_PeriodElapsedCallback  main.o
    0x08001a7c   0x08001a7c   0x00000002   Code   RO         2339    i.HAL_TIM_TriggerCallback  stm32l4xx_hal_tim.o
    0x08001a7e   0x08001a7e   0x00000002   Code   RO          750    i.HAL_UARTEx_WakeupCallback  stm32l4xx_hal_uart_ex.o
    0x08001a80   0x08001a80   0x00000002   Code   RO          687    i.HAL_UART_ErrorCallback  stm32l4xx_hal_msp.o
    0x08001a82   0x08001a82   0x00000002   PAD
    0x08001a84   0x08001a84   0x00000190   Code   RO         1682    i.HAL_UART_IRQHandler  stm32l4xx_hal_uart.o
    0x08001c14   0x08001c14   0x00000078   Code   RO         1683    i.HAL_UART_Init     stm32l4xx_hal_uart.o
    0x08001c8c   0x08001c8c   0x00000118   Code   RO          689    i.HAL_UART_MspInit  stm32l4xx_hal_msp.o
    0x08001da4   0x08001da4   0x000000bc   Code   RO         1688    i.HAL_UART_Receive_IT  stm32l4xx_hal_uart.o
    0x08001e60   0x08001e60   0x000001a8   Code   RO          690    i.HAL_UART_RxCpltCallback  stm32l4xx_hal_msp.o
    0x08002008   0x08002008   0x000000c6   Code   RO         1691    i.HAL_UART_Transmit  stm32l4xx_hal_uart.o
    0x080020ce   0x080020ce   0x00000002   PAD
    0x080020d0   0x080020d0   0x0000000c   Code   RO          691    i.HAL_UART_TxCpltCallback  stm32l4xx_hal_msp.o
    0x080020dc   0x080020dc   0x00000004   Code   RO          292    i.HardFault_Handler  stm32l4xx_it.o
    0x080020e0   0x080020e0   0x0000000c   Code   RO          480    i.LCD1602_Clear_Screen  stm32_lcd1602.o
    0x080020ec   0x080020ec   0x0000001c   Code   RO          481    i.LCD1602_DATA_write  stm32_lcd1602.o
    0x08002108   0x08002108   0x00000030   Code   RO          482    i.LCD1602_INIT      stm32_lcd1602.o
    0x08002138   0x08002138   0x00000098   Code   RO          483    i.LCD_Gpio_Init     stm32_lcd1602.o
    0x080021d0   0x080021d0   0x00000060   Code   RO          209    i.LCD_Show_Stage_Change  main.o
    0x08002230   0x08002230   0x0000007c   Code   RO          210    i.LCD_Show_Update   main.o
    0x080022ac   0x080022ac   0x000000bc   Code   RO          211    i.MX_TIM3_Init      main.o
    0x08002368   0x08002368   0x00000088   Code   RO          577    i.MX_USART1_UART_Init  stm32_pms7003.o
    0x080023f0   0x080023f0   0x000000a8   Code   RO          632    i.MX_USART3_UART_Init  stm32_esp8266.o
    0x08002498   0x08002498   0x00000004   Code   RO          293    i.MemManage_Handler  stm32l4xx_it.o
    0x0800249c   0x0800249c   0x00000002   Code   RO          294    i.NMI_Handler       stm32l4xx_it.o
    0x0800249e   0x0800249e   0x00000002   PAD
    0x080024a0   0x080024a0   0x00000010   Code   RO         1194    i.NVIC_GetPriorityGrouping  stm32l4xx_hal_cortex.o
    0x080024b0   0x080024b0   0x00000028   Code   RO         1195    i.NVIC_SetPriority  stm32l4xx_hal_cortex.o
    0x080024d8   0x080024d8   0x00000164   Code   RO          578    i.PMS7003_DATA_Refresh  stm32_pms7003.o
    0x0800263c   0x0800263c   0x00000002   Code   RO          295    i.PendSV_Handler    stm32l4xx_it.o
    0x0800263e   0x0800263e   0x00000002   PAD
    0x08002640   0x08002640   0x000000a0   Code   RO         1569    i.RCC_SetFlashLatencyFromMSIRange  stm32l4xx_hal_rcc.o
    0x080026e0   0x080026e0   0x00000002   Code   RO          296    i.SVC_Handler       stm32l4xx_it.o
    0x080026e2   0x080026e2   0x00000008   Code   RO          297    i.SysTick_Handler   stm32l4xx_it.o
    0x080026ea   0x080026ea   0x00000068   Code   RO          212    i.SystemClock_Config  main.o
    0x08002752   0x08002752   0x00000002   PAD
    0x08002754   0x08002754   0x00000050   Code   RO            5    i.SystemInit        system_stm32l4xx.o
    0x080027a4   0x080027a4   0x00000010   Code   RO          298    i.TIM3_IRQHandler   stm32l4xx_it.o
    0x080027b4   0x080027b4   0x000000c0   Code   RO         2340    i.TIM_Base_SetConfig  stm32l4xx_hal_tim.o
    0x08002874   0x08002874   0x00000018   Code   RO         2347    i.TIM_ETR_SetConfig  stm32l4xx_hal_tim.o
    0x0800288c   0x0800288c   0x00000014   Code   RO         2348    i.TIM_ITRx_SetConfig  stm32l4xx_hal_tim.o
    0x080028a0   0x080028a0   0x0000002a   Code   RO         2356    i.TIM_TI1_ConfigInputStage  stm32l4xx_hal_tim.o
    0x080028ca   0x080028ca   0x0000002c   Code   RO         2358    i.TIM_TI2_ConfigInputStage  stm32l4xx_hal_tim.o
    0x080028f6   0x080028f6   0x000000f8   Code   RO         1696    i.UART_AdvFeatureConfig  stm32l4xx_hal_uart.o
    0x080029ee   0x080029ee   0x00000074   Code   RO         1697    i.UART_CheckIdleState  stm32l4xx_hal_uart.o
    0x08002a62   0x08002a62   0x00000018   Code   RO         1698    i.UART_DMAAbortOnError  stm32l4xx_hal_uart.o
    0x08002a7a   0x08002a7a   0x00000020   Code   RO         1708    i.UART_EndRxTransfer  stm32l4xx_hal_uart.o
    0x08002a9a   0x08002a9a   0x00000020   Code   RO         1709    i.UART_EndTransmit_IT  stm32l4xx_hal_uart.o
    0x08002aba   0x08002aba   0x0000008a   Code   RO         1711    i.UART_Receive_IT   stm32l4xx_hal_uart.o
    0x08002b44   0x08002b44   0x0000048e   Code   RO         1712    i.UART_SetConfig    stm32l4xx_hal_uart.o
    0x08002fd2   0x08002fd2   0x0000006a   Code   RO         1713    i.UART_Transmit_IT  stm32l4xx_hal_uart.o
    0x0800303c   0x0800303c   0x0000006c   Code   RO         1714    i.UART_WaitOnFlagUntilTimeout  stm32l4xx_hal_uart.o
    0x080030a8   0x080030a8   0x00000010   Code   RO          299    i.USART1_IRQHandler  stm32l4xx_it.o
    0x080030b8   0x080030b8   0x00000002   Code   RO          300    i.USART2_IRQHandler  stm32l4xx_it.o
    0x080030ba   0x080030ba   0x00000002   PAD
    0x080030bc   0x080030bc   0x00000010   Code   RO          301    i.USART3_IRQHandler  stm32l4xx_it.o
    0x080030cc   0x080030cc   0x00000004   Code   RO          302    i.UsageFault_Handler  stm32l4xx_it.o
    0x080030d0   0x080030d0   0x0000007c   Code   RO          484    i.WaitForEnable     stm32_lcd1602.o
    0x0800314c   0x0800314c   0x0000000e   Code   RO          390    i._Error_Handler    common.o
    0x0800315a   0x0800315a   0x0000000e   Code   RO         3192    i.__scatterload_copy  mc_w.l(handlers.o)
    0x08003168   0x08003168   0x00000002   Code   RO         3193    i.__scatterload_null  mc_w.l(handlers.o)
    0x0800316a   0x0800316a   0x0000000e   Code   RO         3194    i.__scatterload_zeroinit  mc_w.l(handlers.o)
    0x08003178   0x08003178   0x00000038   Code   RO          391    i.delay_init        common.o
    0x080031b0   0x080031b0   0x00000016   Code   RO          392    i.delay_ms          common.o
    0x080031c6   0x080031c6   0x00000002   PAD
    0x080031c8   0x080031c8   0x0000003c   Code   RO          393    i.delay_us          common.o
    0x08003204   0x08003204   0x0000004e   Code   RO          485    i.lcd1602_show_character  stm32_lcd1602.o
    0x08003252   0x08003252   0x0000005e   Code   RO          489    i.lcd1602_show_string  stm32_lcd1602.o
    0x080032b0   0x080032b0   0x00000080   Code   RO          490    i.lcd_data_out      stm32_lcd1602.o
    0x08003330   0x08003330   0x0000008c   Code   RO          213    i.main              main.o
    0x080033bc   0x080033bc   0x0000029e   Code   RO          635    i.wifi_sendData     stm32_esp8266.o
    0x0800365a   0x0800365a   0x00000002   PAD
    0x0800365c   0x0800365c   0x0000006c   Code   RO          491    i.write_com         stm32_lcd1602.o
    0x080036c8   0x080036c8   0x0000006c   Code   RO          492    i.write_data        stm32_lcd1602.o
    0x08003734   0x08003734   0x00000048   Data   RO            6    .constdata          system_stm32l4xx.o
    0x0800377c   0x0800377c   0x00000006   Data   RO          143    .constdata          stm32l4xx_nucleo.o
    0x08003782   0x08003782   0x00000002   PAD
    0x08003784   0x08003784   0x0000004b   Data   RO          638    .conststring        stm32_esp8266.o
    0x080037cf   0x080037cf   0x00000001   PAD
    0x080037d0   0x080037d0   0x00000020   Data   RO         3190    Region$$Table       anon$$obj.o


    Execution Region RW_IRAM2 (Exec base: 0x10000000, Load base: 0x080038a4, Size: 0x00000000, Max: 0x00008000, ABSOLUTE)

    **** No section assigned to this execution region ****


    Execution Region RW_IRAM1 (Exec base: 0x20000000, Load base: 0x080037f0, Size: 0x000006e0, Max: 0x00018000, ABSOLUTE)

    Exec Addr    Load Addr    Size         Type   Attr      Idx    E Section Name        Object

    0x20000000   0x080037f0   0x00000004   Data   RW            7    .data               system_stm32l4xx.o
    0x20000004   0x080037f4   0x00000008   Data   RW          144    .data               stm32l4xx_nucleo.o
    0x2000000c   0x080037fc   0x0000006c   Data   RW          215    .data               main.o
    0x20000078   0x08003868   0x00000004   Data   RW          394    .data               common.o
    0x2000007c   0x0800386c   0x00000002   Data   RW          438    .data               stm32_dht12.o
    0x2000007e   0x0800386e   0x00000002   PAD
    0x20000080   0x08003870   0x00000028   Data   RW          639    .data               stm32_esp8266.o
    0x200000a8   0x08003898   0x00000007   Data   RW          693    .data               stm32l4xx_hal_msp.o
    0x200000af   0x0800389f   0x00000001   PAD
    0x200000b0   0x080038a0   0x00000004   Data   RW          902    .data               stm32l4xx_hal.o
    0x200000b4        -       0x00000050   Zero   RW          214    .bss                main.o
    0x20000104        -       0x000000fa   Zero   RW          581    .bss                stm32_pms7003.o
    0x200001fe   0x080038a4   0x00000002   PAD
    0x20000200        -       0x00000090   Zero   RW          636    .bss                stm32_esp8266.o
    0x20000290        -       0x00000050   Zero   RW          692    .bss                stm32l4xx_hal_msp.o
    0x200002e0        -       0x00000400   Zero   RW         3154    STACK               startup_stm32l476xx.o


==============================================================================

Image component sizes


      Code (inc. data)   RO Data    RW Data    ZI Data      Debug   Object Name

       152         12          0          4          0       2172   common.o
      1152        146          0        108         80       6524   main.o
        36          8        392          0       1024        788   startup_stm32l476xx.o
       740         40          0          2          0       3701   stm32_dht12.o
       942        344         75         40        144       4029   stm32_esp8266.o
       880         34          0          0          0       7814   stm32_lcd1602.o
       492         44          0          0        250       2165   stm32_pms7003.o
        92         14          0          4          0       3901   stm32l4xx_hal.o
       304         22          0          0          0      30779   stm32l4xx_hal_cortex.o
        88          0          0          0          0       1023   stm32l4xx_hal_dma.o
       546         36          0          0          0       3011   stm32l4xx_hal_gpio.o
       786         96          0          7         80       4444   stm32l4xx_hal_msp.o
       156         18          0          0          0       1318   stm32l4xx_hal_pwr_ex.o
      2732         96          0          0          0       6904   stm32l4xx_hal_rcc.o
      1130         36          0          0          0       9279   stm32l4xx_hal_tim.o
       112         10          0          0          0       2498   stm32l4xx_hal_tim_ex.o
      2876         56          0          0          0      10729   stm32l4xx_hal_uart.o
         2          0          0          0          0        924   stm32l4xx_hal_uart_ex.o
        82         18          0          0          0       5804   stm32l4xx_it.o
        32          8          6          8          0       5465   stm32l4xx_nucleo.o
        80         12         72          4          0     804301   system_stm32l4xx.o

    ----------------------------------------------------------------------
     13438       1050        580        180       1580     917573   Object Totals
         0          0         32          0          0          0   (incl. Generated)
        26          0          3          3          2          0   (incl. Padding)

    ----------------------------------------------------------------------

      Code (inc. data)   RO Data    RW Data    ZI Data      Debug   Library Member Name

         0          0          0          0          0          0   entry.o
         0          0          0          0          0          0   entry10a.o
         0          0          0          0          0          0   entry11a.o
         8          4          0          0          0          0   entry2.o
         4          0          0          0          0          0   entry5.o
         0          0          0          0          0          0   entry7b.o
         0          0          0          0          0          0   entry8b.o
         8          4          0          0          0          0   entry9a.o
        30          0          0          0          0          0   handlers.o
        36          8          0          0          0         68   init.o
        30          0          0          0          0         68   llshl.o
        32          0          0          0          0         68   llushr.o
        36          0          0          0          0        108   memseta.o
        14          0          0          0          0         68   strlen.o
       104          0          0          0          0         92   uldiv.o

    ----------------------------------------------------------------------
       302         16          0          0          0        472   Library Totals
         0          0          0          0          0          0   (incl. Padding)

    ----------------------------------------------------------------------

      Code (inc. data)   RO Data    RW Data    ZI Data      Debug   Library Name

       302         16          0          0          0        472   mc_w.l

    ----------------------------------------------------------------------
       302         16          0          0          0        472   Library Totals

    ----------------------------------------------------------------------

==============================================================================


      Code (inc. data)   RO Data    RW Data    ZI Data      Debug   

     13740       1066        580        180       1580     908545   Grand Totals
     13740       1066        580        180       1580     908545   ELF Image Totals
     13740       1066        580        180          0          0   ROM Totals

==============================================================================

    Total RO  Size (Code + RO Data)                14320 (  13.98kB)
    Total RW  Size (RW Data + ZI Data)              1760 (   1.72kB)
    Total ROM Size (Code + RO Data + RW Data)      14500 (  14.16kB)

==============================================================================

