<html>
<body>
<pre>
<h1>µVision Build Log</h1>
<h2>Tool Versions:</h2>
IDE-Version: ¦ÌVision V5.24.2.0
Copyright (C) 2017 ARM Ltd and ARM Germany GmbH. All rights reserved.
License Information: tangyq tangyq, zjuniv, LIC=BUUII-TA0TJ-SAUDJ-UPZ7R-A7NGR-U4RX7
 
Tool Versions:
Toolchain:       MDK-ARM Plus  Version: 5.24.1
Toolchain Path:  d:\Keil_v5\ARM\ARMCC\Bin
C Compiler:      Armcc.exe V5.06 update 5 (build 528)
Assembler:       Armasm.exe V5.06 update 5 (build 528)
Linker/Locator:  ArmLink.exe V5.06 update 5 (build 528)
Library Manager: ArmAr.exe V5.06 update 5 (build 528)
Hex Converter:   FromElf.exe V5.06 update 5 (build 528)
CPU DLL:         SARMCM3.DLL V5.24.1
Dialog DLL:      DCM.DLL V1.16.0.0
Target DLL:      STLink\ST-LINKIII-KEIL_SWO.dll V3.0.1.0
Dialog DLL:      TCM.DLL V1.32.0.0
 
<h2>Project:</h2>
H:\STM32\tempsensor\MDK-ARM\Project.uvprojx
Project File Date:  11/21/2017

<h2>Output:</h2>
*** Using Compiler 'V5.06 update 5 (build 528)', folder: 'd:\Keil_v5\ARM\ARMCC\Bin'
Build target 'STM32L476RG_NUCLEO'
compiling main.c...
..\Src\main.c(79): warning:  #177-D: variable "GPIO_InitStruct"  was declared but never referenced
  static GPIO_InitTypeDef GPIO_InitStruct;
..\Src\main.c: 1 warning, 0 errors
compiling STM32_ESP8266.c...
..\Src\STM32_ESP8266.c(130): warning:  #167-D: argument of type "unsigned char *" is incompatible with parameter of type "const char *"
      length = (unsigned int) strlen(Wifi_flag);
..\Src\STM32_ESP8266.c(179): warning:  #167-D: argument of type "unsigned char *" is incompatible with parameter of type "const char *"
                      strlen(data5) + strlen(data6) + strlen(data7) + strlen(PM25_str) +
..\Src\STM32_ESP8266.c(180): warning:  #167-D: argument of type "unsigned char *" is incompatible with parameter of type "const char *"
                      strlen(PM10_str) + strlen(humidity_str) +
..\Src\STM32_ESP8266.c(180): warning:  #167-D: argument of type "unsigned char *" is incompatible with parameter of type "const char *"
                      strlen(PM10_str) + strlen(humidity_str) +
..\Src\STM32_ESP8266.c(181): warning:  #167-D: argument of type "unsigned char *" is incompatible with parameter of type "const char *"
                      strlen(temperature_str) + strlen(longitude_str) + strlen(latitude_str) - 4);
..\Src\STM32_ESP8266.c(195): warning:  #167-D: argument of type "unsigned char *" is incompatible with parameter of type "char *"
      ESP8266_UART_Send(temperature_str);
..\Src\STM32_ESP8266.c(197): warning:  #167-D: argument of type "unsigned char *" is incompatible with parameter of type "char *"
      ESP8266_UART_Send(humidity_str);
..\Src\STM32_ESP8266.c(199): warning:  #167-D: argument of type "unsigned char *" is incompatible with parameter of type "char *"
      ESP8266_UART_Send(PM25_str);
..\Src\STM32_ESP8266.c(201): warning:  #167-D: argument of type "unsigned char *" is incompatible with parameter of type "char *"
      ESP8266_UART_Send(PM10_str);
..\Src\STM32_ESP8266.c: 9 warnings, 0 errors
linking...
Program Size: Code=13740 RO-data=580 RW-data=180 ZI-data=1580  
"STM32L476RG_NUCLEO\STM32L476RG_NUCLEO.axf" - 0 Error(s), 10 Warning(s).

<h2>Software Packages used:</h2>

Package Vendor: Keil
                http://www.keil.com/pack/Keil.STM32L4xx_DFP.1.4.0.pack
                Keil.STM32L4xx_DFP.1.4.0
                STMicroelectronics STM32L4 Series Device Support, Drivers and Examples

<h2>Collection of Component include folders:</h2>
  .\RTE\_STM32L476RG_NUCLEO
  d:\Keil_v5\ARM\PACK\Keil\STM32L4xx_DFP\1.4.0\Device\Include

<h2>Collection of Component Files used:</h2>
Build Time Elapsed:  00:00:07
</pre>
</body>
</html>
